Archive member included to satisfy reference by file (symbol)

D:/ST/STM32CubeIDE_1.6.0/STM32CubeIDE/plugins/com.st.stm32cube.ide.mcu.externaltools.gnu-tools-for-stm32.13.3.rel1.win32_1.0.0.202411081344/tools/bin/../lib/gcc/arm-none-eabi/13.3.1/../../../../arm-none-eabi/lib/thumb/v7e-m+fp/hard\libm.a(libm_a-sf_sin.o)
                              ./Core/Src/test_sound_generator.o (sinf)
D:/ST/STM32CubeIDE_1.6.0/STM32CubeIDE/plugins/com.st.stm32cube.ide.mcu.externaltools.gnu-tools-for-stm32.13.3.rel1.win32_1.0.0.202411081344/tools/bin/../lib/gcc/arm-none-eabi/13.3.1/../../../../arm-none-eabi/lib/thumb/v7e-m+fp/hard\libm.a(libm_a-kf_cos.o)
                              D:/ST/STM32CubeIDE_1.6.0/STM32CubeIDE/plugins/com.st.stm32cube.ide.mcu.externaltools.gnu-tools-for-stm32.13.3.rel1.win32_1.0.0.202411081344/tools/bin/../lib/gcc/arm-none-eabi/13.3.1/../../../../arm-none-eabi/lib/thumb/v7e-m+fp/hard\libm.a(libm_a-sf_sin.o) (__kernel_cosf)
D:/ST/STM32CubeIDE_1.6.0/STM32CubeIDE/plugins/com.st.stm32cube.ide.mcu.externaltools.gnu-tools-for-stm32.13.3.rel1.win32_1.0.0.202411081344/tools/bin/../lib/gcc/arm-none-eabi/13.3.1/../../../../arm-none-eabi/lib/thumb/v7e-m+fp/hard\libm.a(libm_a-kf_sin.o)
                              D:/ST/STM32CubeIDE_1.6.0/STM32CubeIDE/plugins/com.st.stm32cube.ide.mcu.externaltools.gnu-tools-for-stm32.13.3.rel1.win32_1.0.0.202411081344/tools/bin/../lib/gcc/arm-none-eabi/13.3.1/../../../../arm-none-eabi/lib/thumb/v7e-m+fp/hard\libm.a(libm_a-sf_sin.o) (__kernel_sinf)
D:/ST/STM32CubeIDE_1.6.0/STM32CubeIDE/plugins/com.st.stm32cube.ide.mcu.externaltools.gnu-tools-for-stm32.13.3.rel1.win32_1.0.0.202411081344/tools/bin/../lib/gcc/arm-none-eabi/13.3.1/../../../../arm-none-eabi/lib/thumb/v7e-m+fp/hard\libm.a(libm_a-ef_rem_pio2.o)
                              D:/ST/STM32CubeIDE_1.6.0/STM32CubeIDE/plugins/com.st.stm32cube.ide.mcu.externaltools.gnu-tools-for-stm32.13.3.rel1.win32_1.0.0.202411081344/tools/bin/../lib/gcc/arm-none-eabi/13.3.1/../../../../arm-none-eabi/lib/thumb/v7e-m+fp/hard\libm.a(libm_a-sf_sin.o) (__ieee754_rem_pio2f)
D:/ST/STM32CubeIDE_1.6.0/STM32CubeIDE/plugins/com.st.stm32cube.ide.mcu.externaltools.gnu-tools-for-stm32.13.3.rel1.win32_1.0.0.202411081344/tools/bin/../lib/gcc/arm-none-eabi/13.3.1/../../../../arm-none-eabi/lib/thumb/v7e-m+fp/hard\libm.a(libm_a-sf_fabs.o)
                              D:/ST/STM32CubeIDE_1.6.0/STM32CubeIDE/plugins/com.st.stm32cube.ide.mcu.externaltools.gnu-tools-for-stm32.13.3.rel1.win32_1.0.0.202411081344/tools/bin/../lib/gcc/arm-none-eabi/13.3.1/../../../../arm-none-eabi/lib/thumb/v7e-m+fp/hard\libm.a(libm_a-ef_rem_pio2.o) (fabsf)
D:/ST/STM32CubeIDE_1.6.0/STM32CubeIDE/plugins/com.st.stm32cube.ide.mcu.externaltools.gnu-tools-for-stm32.13.3.rel1.win32_1.0.0.202411081344/tools/bin/../lib/gcc/arm-none-eabi/13.3.1/../../../../arm-none-eabi/lib/thumb/v7e-m+fp/hard\libm.a(libm_a-kf_rem_pio2.o)
                              D:/ST/STM32CubeIDE_1.6.0/STM32CubeIDE/plugins/com.st.stm32cube.ide.mcu.externaltools.gnu-tools-for-stm32.13.3.rel1.win32_1.0.0.202411081344/tools/bin/../lib/gcc/arm-none-eabi/13.3.1/../../../../arm-none-eabi/lib/thumb/v7e-m+fp/hard\libm.a(libm_a-ef_rem_pio2.o) (__kernel_rem_pio2f)
D:/ST/STM32CubeIDE_1.6.0/STM32CubeIDE/plugins/com.st.stm32cube.ide.mcu.externaltools.gnu-tools-for-stm32.13.3.rel1.win32_1.0.0.202411081344/tools/bin/../lib/gcc/arm-none-eabi/13.3.1/../../../../arm-none-eabi/lib/thumb/v7e-m+fp/hard\libm.a(libm_a-sf_scalbn.o)
                              D:/ST/STM32CubeIDE_1.6.0/STM32CubeIDE/plugins/com.st.stm32cube.ide.mcu.externaltools.gnu-tools-for-stm32.13.3.rel1.win32_1.0.0.202411081344/tools/bin/../lib/gcc/arm-none-eabi/13.3.1/../../../../arm-none-eabi/lib/thumb/v7e-m+fp/hard\libm.a(libm_a-kf_rem_pio2.o) (scalbnf)
D:/ST/STM32CubeIDE_1.6.0/STM32CubeIDE/plugins/com.st.stm32cube.ide.mcu.externaltools.gnu-tools-for-stm32.13.3.rel1.win32_1.0.0.202411081344/tools/bin/../lib/gcc/arm-none-eabi/13.3.1/../../../../arm-none-eabi/lib/thumb/v7e-m+fp/hard\libm.a(libm_a-sf_floor.o)
                              D:/ST/STM32CubeIDE_1.6.0/STM32CubeIDE/plugins/com.st.stm32cube.ide.mcu.externaltools.gnu-tools-for-stm32.13.3.rel1.win32_1.0.0.202411081344/tools/bin/../lib/gcc/arm-none-eabi/13.3.1/../../../../arm-none-eabi/lib/thumb/v7e-m+fp/hard\libm.a(libm_a-kf_rem_pio2.o) (floorf)
D:/ST/STM32CubeIDE_1.6.0/STM32CubeIDE/plugins/com.st.stm32cube.ide.mcu.externaltools.gnu-tools-for-stm32.13.3.rel1.win32_1.0.0.202411081344/tools/bin/../lib/gcc/arm-none-eabi/13.3.1/../../../../arm-none-eabi/lib/thumb/v7e-m+fp/hard\libc_nano.a(libc_a-exit.o)
                              D:/ST/STM32CubeIDE_1.6.0/STM32CubeIDE/plugins/com.st.stm32cube.ide.mcu.externaltools.gnu-tools-for-stm32.13.3.rel1.win32_1.0.0.202411081344/tools/bin/../lib/gcc/arm-none-eabi/13.3.1/../../../../arm-none-eabi/lib/thumb/v7e-m+fp/hard/crt0.o (exit)
[...]
Memory Configuration

Name             Origin             Length             Attributes
CCMRAM           0x10000000         0x00010000         xrw
RAM              0x20000000         0x00020000         xrw
FLASH            0x08000000         0x00100000         xr
*default*        0x00000000         0xffffffff

Linker script and memory map

LOAD D:/ST/STM32CubeIDE_1.6.0/STM32CubeIDE/plugins/com.st.stm32cube.ide.mcu.externaltools.gnu-tools-for-stm32.13.3.rel1.win32_1.0.0.202411081344/tools/bin/../lib/gcc/arm-none-eabi/13.3.1/thumb/v7e-m+fp/hard/crti.o
LOAD D:/ST/STM32CubeIDE_1.6.0/STM32CubeIDE/plugins/com.st.stm32cube.ide.mcu.externaltools.gnu-tools-for-stm32.13.3.rel1.win32_1.0.0.202411081344/tools/bin/../lib/gcc/arm-none-eabi/13.3.1/thumb/v7e-m+fp/hard/crtbegin.o
LOAD D:/ST/STM32CubeIDE_1.6.0/STM32CubeIDE/plugins/com.st.stm32cube.ide.mcu.externaltools.gnu-tools-for-stm32.13.3.rel1.win32_1.0.0.202411081344/tools/bin/../lib/gcc/arm-none-eabi/13.3.1/../../../../arm-none-eabi/lib/thumb/v7e-m+fp/hard/crt0.o
LOAD ./Core/Src/audio_play.o
LOAD ./Core/Src/gpio.o
LOAD ./Core/Src/main.o
LOAD ./Core/Src/stm32f4xx_hal_msp.o
LOAD ./Core/Src/stm32f4xx_it.o
LOAD ./Core/Src/syscalls.o
LOAD ./Core/Src/sysmem.o
LOAD ./Core/Src/system_stm32f4xx.o
LOAD ./Core/Src/test_sound_generator.o
LOAD ./Core/Startup/startup_stm32f407vgtx.o
LOAD ./Drivers/BSP/Components/cs43l22/cs43l22.o
LOAD ./Drivers/BSP/Components/lis302dl/lis302dl.o
LOAD ./Drivers/BSP/Components/lis3dsh/lis3dsh.o
LOAD ./Drivers/BSP/STM32F4-Discovery/stm32f4_discovery.o
LOAD ./Drivers/BSP/STM32F4-Discovery/stm32f4_discovery_accelerometer.o
LOAD ./Drivers/BSP/STM32F4-Discovery/stm32f4_discovery_audio.o
LOAD ./Drivers/STM32F4xx_HAL_Driver/Src/stm32f4xx_hal.o
LOAD ./Drivers/STM32F4xx_HAL_Driver/Src/stm32f4xx_hal_cortex.o
LOAD ./Drivers/STM32F4xx_HAL_Driver/Src/stm32f4xx_hal_crc.o
LOAD ./Drivers/STM32F4xx_HAL_Driver/Src/stm32f4xx_hal_dma.o
LOAD ./Drivers/STM32F4xx_HAL_Driver/Src/stm32f4xx_hal_dma_ex.o
LOAD ./Drivers/STM32F4xx_HAL_Driver/Src/stm32f4xx_hal_exti.o
LOAD ./Drivers/STM32F4xx_HAL_Driver/Src/stm32f4xx_hal_flash.o
LOAD ./Drivers/STM32F4xx_HAL_Driver/Src/stm32f4xx_hal_flash_ex.o
LOAD ./Drivers/STM32F4xx_HAL_Driver/Src/stm32f4xx_hal_flash_ramfunc.o
LOAD ./Drivers/STM32F4xx_HAL_Driver/Src/stm32f4xx_hal_gpio.o
LOAD ./Drivers/STM32F4xx_HAL_Driver/Src/stm32f4xx_hal_i2c.o
LOAD ./Drivers/STM32F4xx_HAL_Driver/Src/stm32f4xx_hal_i2c_ex.o
LOAD ./Drivers/STM32F4xx_HAL_Driver/Src/stm32f4xx_hal_i2s.o
LOAD ./Drivers/STM32F4xx_HAL_Driver/Src/stm32f4xx_hal_i2s_ex.o
LOAD ./Drivers/STM32F4xx_HAL_Driver/Src/stm32f4xx_hal_pwr.o
LOAD ./Drivers/STM32F4xx_HAL_Driver/Src/stm32f4xx_hal_pwr_ex.o
LOAD ./Drivers/STM32F4xx_HAL_Driver/Src/stm32f4xx_hal_rcc.o
LOAD ./Drivers/STM32F4xx_HAL_Driver/Src/stm32f4xx_hal_rcc_ex.o
LOAD ./Drivers/STM32F4xx_HAL_Driver/Src/stm32f4xx_hal_rng.o
LOAD ./Drivers/STM32F4xx_HAL_Driver/Src/stm32f4xx_hal_spi.o
START GROUP
LOAD D:/ST/STM32CubeIDE_1.6.0/STM32CubeIDE/plugins/com.st.stm32cube.ide.mcu.externaltools.gnu-tools-for-stm32.13.3.rel1.win32_1.0.0.202411081344/tools/bin/../lib/gcc/arm-none-eabi/13.3.1/../../../../arm-none-eabi/lib/thumb/v7e-m+fp/hard\libstdc++_nano.a
LOAD D:/ST/STM32CubeIDE_1.6.0/STM32CubeIDE/plugins/com.st.stm32cube.ide.mcu.externaltools.gnu-tools-for-stm32.13.3.rel1.win32_1.0.0.202411081344/tools/bin/../lib/gcc/arm-none-eabi/13.3.1/../../../../arm-none-eabi/lib/thumb/v7e-m+fp/hard\libsupc++_nano.a
END GROUP
LOAD D:/ST/STM32CubeIDE_1.6.0/STM32CubeIDE/plugins/com.st.stm32cube.ide.mcu.externaltools.gnu-tools-for-stm32.13.3.rel1.win32_1.0.0.202411081344/tools/bin/../lib/gcc/arm-none-eabi/13.3.1/../../../../arm-none-eabi/lib/thumb/v7e-m+fp/hard\libstdc++_nano.a
LOAD D:/ST/STM32CubeIDE_1.6.0/STM32CubeIDE/plugins/com.st.stm32cube.ide.mcu.externaltools.gnu-tools-for-stm32.13.3.rel1.win32_1.0.0.202411081344/tools/bin/../lib/gcc/arm-none-eabi/13.3.1/../../../../arm-none-eabi/lib/thumb/v7e-m+fp/hard\libm.a
LOAD D:/ST/STM32CubeIDE_1.6.0/STM32CubeIDE/plugins/com.st.stm32cube.ide.mcu.externaltools.gnu-tools-for-stm32.13.3.rel1.win32_1.0.0.202411081344/tools/bin/../lib/gcc/arm-none-eabi/13.3.1/../../../../arm-none-eabi/lib/thumb/v7e-m+fp/hard\libc_nano.a
START GROUP
LOAD D:/ST/STM32CubeIDE_1.6.0/STM32CubeIDE/plugins/com.st.stm32cube.ide.mcu.externaltools.gnu-tools-for-stm32.13.3.rel1.win32_1.0.0.202411081344/tools/bin/../lib/gcc/arm-none-eabi/13.3.1/thumb/v7e-m+fp/hard\libgcc.a
LOAD D:/ST/STM32CubeIDE_1.6.0/STM32CubeIDE/plugins/com.st.stm32cube.ide.mcu.externaltools.gnu-tools-for-stm32.13.3.rel1.win32_1.0.0.202411081344/tools/bin/../lib/gcc/arm-none-eabi/13.3.1/../../../../arm-none-eabi/lib/thumb/v7e-m+fp/hard\libc_nano.a
END GROUP
START GROUP
LOAD D:/ST/STM32CubeIDE_1.6.0/STM32CubeIDE/plugins/com.st.stm32cube.ide.mcu.externaltools.gnu-tools-for-stm32.13.3.rel1.win32_1.0.0.202411081344/tools/bin/../lib/gcc/arm-none-eabi/13.3.1/thumb/v7e-m+fp/hard\libgcc.a
LOAD D:/ST/STM32CubeIDE_1.6.0/STM32CubeIDE/plugins/com.st.stm32cube.ide.mcu.externaltools.gnu-tools-for-stm32.13.3.rel1.win32_1.0.0.202411081344/tools/bin/../lib/gcc/arm-none-eabi/13.3.1/../../../../arm-none-eabi/lib/thumb/v7e-m+fp/hard\libc_nano.a
END GROUP
LOAD D:/ST/STM32CubeIDE_1.6.0/STM32CubeIDE/plugins/com.st.stm32cube.ide.mcu.externaltools.gnu-tools-for-stm32.13.3.rel1.win32_1.0.0.202411081344/tools/bin/../lib/gcc/arm-none-eabi/13.3.1/thumb/v7e-m+fp/hard/crtend.o
LOAD D:/ST/STM32CubeIDE_1.6.0/STM32CubeIDE/plugins/com.st.stm32cube.ide.mcu.externaltools.gnu-tools-for-stm32.13.3.rel1.win32_1.0.0.202411081344/tools/bin/../lib/gcc/arm-none-eabi/13.3.1/thumb/v7e-m+fp/hard/crtn.o
                0x20020000                        _estack = (ORIGIN (RAM) + LENGTH (RAM))
                0x00000200                        _Min_Heap_Size = 0x200
                0x00000400                        _Min_Stack_Size = 0x400

.isr_vector     0x08000000      0x188
                0x08000000                        . = ALIGN (0x4)
 *(.isr_vector)
 .isr_vector    0x08000000      0x188 ./Core/Startup/startup_stm32f407vgtx.o
                0x08000000                g_pfnVectors
                0x08000188                        . = ALIGN (0x4)

.text           0x08000188     0x5cfc
                0x08000188                        . = ALIGN (0x4)
 *(.text)
 .text          0x08000188       0x40 D:/ST/STM32CubeIDE_1.6.0/STM32CubeIDE/plugins/com.st.stm32cube.ide.mcu.externaltools.gnu-tools-for-stm32.13.3.rel1.win32_1.0.0.202411081344/tools/bin/../lib/gcc/arm-none-eabi/13.3.1/thumb/v7e-m+fp/hard/crtbegin.o
 .text          0x080001c8       0x30 D:/ST/STM32CubeIDE_1.6.0/STM32CubeIDE/plugins/com.st.stm32cube.ide.mcu.externaltools.gnu-tools-for-stm32.13.3.rel1.win32_1.0.0.202411081344/tools/bin/../lib/gcc/arm-none-eabi/13.3.1/thumb/v7e-m+fp/hard\libgcc.a(_aeabi_uldivmod.o)
                0x080001c8                __aeabi_uldivmod
 .text          0x080001f8      0x2f8 D:/ST/STM32CubeIDE_1.6.0/STM32CubeIDE/plugins/com.st.stm32cube.ide.mcu.externaltools.gnu-tools-for-stm32.13.3.rel1.win32_1.0.0.202411081344/tools/bin/../lib/gcc/arm-none-eabi/13.3.1/thumb/v7e-m+fp/hard\libgcc.a(_udivmoddi4.o)
                0x080001f8                __udivmoddi4
 .text          0x080004f0        0x4 D:/ST/STM32CubeIDE_1.6.0/STM32CubeIDE/plugins/com.st.stm32cube.ide.mcu.externaltools.gnu-tools-for-stm32.13.3.rel1.win32_1.0.0.202411081344/tools/bin/../lib/gcc/arm-none-eabi/13.3.1/thumb/v7e-m+fp/hard\libgcc.a(_dvmd_tls.o)
                0x080004f0                __aeabi_idiv0
                0x080004f0                __aeabi_ldiv0
 *(.text*)
 .text.BSP_AUDIO_OUT_MspInit
                0x080004f4      0x184 ./Core/Src/audio_play.o
                0x080004f4                BSP_AUDIO_OUT_MspInit
 .text.AudioInit
                0x08000678       0x58 ./Core/Src/audio_play.o
                0x08000678                AudioInit
 .text.Process_audio
                0x080006d0       0x84 ./Core/Src/audio_play.o
                0x080006d0                Process_audio
 .text.BSP_AUDIO_OUT_TransferComplete_CallBack
                0x08000754       0x24 ./Core/Src/audio_play.o
                0x08000754                BSP_AUDIO_OUT_TransferComplete_CallBack
 .text.BSP_AUDIO_OUT_HalfTransfer_CallBack
                0x08000778       0x24 ./Core/Src/audio_play.o
                0x08000778                BSP_AUDIO_OUT_HalfTransfer_CallBack
 .text.BSP_AUDIO_OUT_Error_CallBack
                0x0800079c        0xe ./Core/Src/audio_play.o
                0x0800079c                BSP_AUDIO_OUT_Error_CallBack
 *fill*         0x080007aa        0x2 
 .text.MX_GPIO_Init
                0x080007ac      0x278 ./Core/Src/gpio.o
                0x080007ac                MX_GPIO_Init
 .text.main     0x08000a24       0x48 ./Core/Src/main.o
                0x08000a24                main
 .text.SystemClock_Config
                0x08000a6c       0xd4 ./Core/Src/main.o
                0x08000a6c                SystemClock_Config
 .text.PeriphCommonClock_Config
                0x08000b40       0x38 ./Core/Src/main.o
                0x08000b40                PeriphCommonClock_Config
 .text.Error_Handler
                0x08000b78       0x12 ./Core/Src/main.o
                0x08000b78                Error_Handler
 *fill*         0x08000b8a        0x2 
 .text.HAL_MspInit
                0x08000b8c       0x50 ./Core/Src/stm32f4xx_hal_msp.o
                0x08000b8c                HAL_MspInit
 .text.NMI_Handler
                0x08000bdc        0x8 ./Core/Src/stm32f4xx_it.o
                0x08000bdc                NMI_Handler
 .text.HardFault_Handler
                0x08000be4        0x8 ./Core/Src/stm32f4xx_it.o
                0x08000be4                HardFault_Handler
 .text.MemManage_Handler
                0x08000bec        0x8 ./Core/Src/stm32f4xx_it.o
                0x08000bec                MemManage_Handler
 .text.BusFault_Handler
                0x08000bf4        0x8 ./Core/Src/stm32f4xx_it.o
                0x08000bf4                BusFault_Handler
 .text.UsageFault_Handler
                0x08000bfc        0x8 ./Core/Src/stm32f4xx_it.o
                0x08000bfc                UsageFault_Handler
 .text.SVC_Handler
                0x08000c04        0xe ./Core/Src/stm32f4xx_it.o
                0x08000c04                SVC_Handler
 .text.DebugMon_Handler
                0x08000c12        0xe ./Core/Src/stm32f4xx_it.o
                0x08000c12                DebugMon_Handler
 .text.PendSV_Handler
                0x08000c20        0xe ./Core/Src/stm32f4xx_it.o
                0x08000c20                PendSV_Handler
 .text.SysTick_Handler
                0x08000c2e        0xc ./Core/Src/stm32f4xx_it.o
                0x08000c2e                SysTick_Handler
 .text.EXTI0_IRQHandler
                0x08000c3a        0xe ./Core/Src/stm32f4xx_it.o
                0x08000c3a                EXTI0_IRQHandler
 .text.EXTI1_IRQHandler
                0x08000c48        0xe ./Core/Src/stm32f4xx_it.o
                0x08000c48                EXTI1_IRQHandler
 *fill*         0x08000c56        0x2 
 .text.DMA1_Stream7_IRQHandler
                0x08000c58       0x18 ./Core/Src/stm32f4xx_it.o
                0x08000c58                DMA1_Stream7_IRQHandler
 .text.DMA1_Stream3_IRQHandler
                0x08000c70       0x18 ./Core/Src/stm32f4xx_it.o
                0x08000c70                DMA1_Stream3_IRQHandler
 .text.SystemInit
                0x08000c88       0x24 ./Core/Src/system_stm32f4xx.o
                0x08000c88                SystemInit
 .text.osc_init0
                0x08000cac       0x4e ./Core/Src/test_sound_generator.o
 .text.OpSetFreq0
                0x08000cfa       0x1e ./Core/Src/test_sound_generator.o
 .text.OpSampleCompute0
                0x08000d18       0x90 ./Core/Src/test_sound_generator.o
 .text.SoundGeneratorInit
                0x08000da8       0x38 ./Core/Src/test_sound_generator.o
                0x08000da8                SoundGeneratorInit
 .text.make_test_sound0
                0x08000de0      0x134 ./Core/Src/test_sound_generator.o
                0x08000de0                make_test_sound0
 .text.Reset_Handler
                0x08000f14       0x50 ./Core/Startup/startup_stm32f407vgtx.o
                0x08000f14                Reset_Handler
 .text.Default_Handler
                0x08000f64        0x2 ./Core/Startup/startup_stm32f407vgtx.o
                0x08000f64                RTC_Alarm_IRQHandler
                0x08000f64                HASH_RNG_IRQHandler
                0x08000f64                EXTI2_IRQHandler
                0x08000f64                TIM8_CC_IRQHandler
                0x08000f64                TIM1_CC_IRQHandler
                0x08000f64                DMA2_Stream5_IRQHandler
                0x08000f64                DMA1_Stream5_IRQHandler
                0x08000f64                PVD_IRQHandler
                0x08000f64                SDIO_IRQHandler
                0x08000f64                TAMP_STAMP_IRQHandler
                0x08000f64                CAN2_RX1_IRQHandler
                0x08000f64                EXTI3_IRQHandler
                0x08000f64                TIM8_TRG_COM_TIM14_IRQHandler
                0x08000f64                TIM1_UP_TIM10_IRQHandler
                0x08000f64                TIM8_UP_TIM13_IRQHandler
                0x08000f64                I2C3_ER_IRQHandler
                0x08000f64                I2C2_EV_IRQHandler
                0x08000f64                DMA1_Stream2_IRQHandler
                0x08000f64                CAN1_RX0_IRQHandler
                0x08000f64                FPU_IRQHandler
                0x08000f64                OTG_HS_WKUP_IRQHandler
                0x08000f64                CAN2_SCE_IRQHandler
                0x08000f64                DMA2_Stream2_IRQHandler
                0x08000f64                SPI1_IRQHandler
                0x08000f64                TIM6_DAC_IRQHandler
                0x08000f64                TIM1_BRK_TIM9_IRQHandler
                0x08000f64                DCMI_IRQHandler
                0x08000f64                CAN2_RX0_IRQHandler
                0x08000f64                DMA2_Stream3_IRQHandler
                0x08000f64                USART6_IRQHandler
                0x08000f64                USART3_IRQHandler
                0x08000f64                CAN1_RX1_IRQHandler
                0x08000f64                UART5_IRQHandler
                0x08000f64                DMA2_Stream0_IRQHandler
                0x08000f64                TIM4_IRQHandler
                0x08000f64                I2C1_EV_IRQHandler
                0x08000f64                DMA1_Stream6_IRQHandler
                0x08000f64                DMA1_Stream1_IRQHandler
                0x08000f64                UART4_IRQHandler
                0x08000f64                TIM3_IRQHandler
                0x08000f64                RCC_IRQHandler
                0x08000f64                TIM8_BRK_TIM12_IRQHandler
                0x08000f64                Default_Handler
                0x08000f64                EXTI15_10_IRQHandler
                0x08000f64                ADC_IRQHandler
                0x08000f64                TIM7_IRQHandler
                0x08000f64                CAN2_TX_IRQHandler
                0x08000f64                TIM5_IRQHandler
                0x08000f64                DMA2_Stream7_IRQHandler
                0x08000f64                I2C3_EV_IRQHandler
                0x08000f64                EXTI9_5_IRQHandler
                0x08000f64                RTC_WKUP_IRQHandler
                0x08000f64                ETH_WKUP_IRQHandler
                0x08000f64                SPI2_IRQHandler
                0x08000f64                OTG_HS_EP1_IN_IRQHandler
                0x08000f64                DMA1_Stream0_IRQHandler
                0x08000f64                CAN1_TX_IRQHandler
                0x08000f64                EXTI4_IRQHandler
                0x08000f64                FSMC_IRQHandler
                0x08000f64                ETH_IRQHandler
                0x08000f64                OTG_HS_EP1_OUT_IRQHandler
                0x08000f64                WWDG_IRQHandler
                0x08000f64                TIM2_IRQHandler
                0x08000f64                OTG_FS_WKUP_IRQHandler
                0x08000f64                TIM1_TRG_COM_TIM11_IRQHandler
                0x08000f64                OTG_HS_IRQHandler
                0x08000f64                USART2_IRQHandler
                0x08000f64                I2C2_ER_IRQHandler
                0x08000f64                DMA2_Stream1_IRQHandler
                0x08000f64                CAN1_SCE_IRQHandler
                0x08000f64                FLASH_IRQHandler
                0x08000f64                DMA2_Stream4_IRQHandler
                0x08000f64                USART1_IRQHandler
                0x08000f64                OTG_FS_IRQHandler
                0x08000f64                SPI3_IRQHandler
                0x08000f64                DMA1_Stream4_IRQHandler
                0x08000f64                I2C1_ER_IRQHandler
                0x08000f64                DMA2_Stream6_IRQHandler
 *fill*         0x08000f66        0x2 
 .text.cs43l22_Init
                0x08000f68      0x1c8 ./Drivers/BSP/Components/cs43l22/cs43l22.o
                0x08000f68                cs43l22_Init
 .text.cs43l22_DeInit
                0x08001130        0xc ./Drivers/BSP/Components/cs43l22/cs43l22.o
                0x08001130                cs43l22_DeInit
 .text.cs43l22_ReadID
                0x0800113c       0x30 ./Drivers/BSP/Components/cs43l22/cs43l22.o
                0x0800113c                cs43l22_ReadID
 .text.cs43l22_Play
                0x0800116c       0x74 ./Drivers/BSP/Components/cs43l22/cs43l22.o
                0x0800116c                cs43l22_Play
 .text.cs43l22_Pause
                0x080011e0       0x42 ./Drivers/BSP/Components/cs43l22/cs43l22.o
                0x080011e0                cs43l22_Pause
 *fill*         0x08001222        0x2 
 .text.cs43l22_Resume
                0x08001224       0x78 ./Drivers/BSP/Components/cs43l22/cs43l22.o
                0x08001224                cs43l22_Resume
 .text.cs43l22_Stop
                0x0800129c       0x68 ./Drivers/BSP/Components/cs43l22/cs43l22.o
                0x0800129c                cs43l22_Stop
 .text.cs43l22_SetVolume
                0x08001304       0xbc ./Drivers/BSP/Components/cs43l22/cs43l22.o
                0x08001304                cs43l22_SetVolume
 .text.cs43l22_SetFrequency
                0x080013c0       0x1a ./Drivers/BSP/Components/cs43l22/cs43l22.o
                0x080013c0                cs43l22_SetFrequency
 *fill*         0x080013da        0x2 
 .text.cs43l22_SetMute
                0x080013dc       0xbc ./Drivers/BSP/Components/cs43l22/cs43l22.o
                0x080013dc                cs43l22_SetMute
 .text.cs43l22_SetOutputMode
                0x08001498       0xe4 ./Drivers/BSP/Components/cs43l22/cs43l22.o
                0x08001498                cs43l22_SetOutputMode
 .text.cs43l22_Reset
                0x0800157c       0x18 ./Drivers/BSP/Components/cs43l22/cs43l22.o
                0x0800157c                cs43l22_Reset
 .text.CODEC_IO_Write
                0x08001594       0x2e ./Drivers/BSP/Components/cs43l22/cs43l22.o
 *fill*         0x080015c2        0x2 
 .text.BSP_LED_Init
                0x080015c4       0xf0 ./Drivers/BSP/STM32F4-Discovery/stm32f4_discovery.o
                0x080015c4                BSP_LED_Init
 .text.BSP_LED_On
                0x080016b4       0x34 ./Drivers/BSP/STM32F4-Discovery/stm32f4_discovery.o
                0x080016b4                BSP_LED_On
 .text.BSP_LED_Off
                0x080016e8       0x34 ./Drivers/BSP/STM32F4-Discovery/stm32f4_discovery.o
                0x080016e8                BSP_LED_Off
 .text.BSP_PB_Init
                0x0800171c       0xb0 ./Drivers/BSP/STM32F4-Discovery/stm32f4_discovery.o
                0x0800171c                BSP_PB_Init
 .text.I2Cx_Init
                0x080017cc       0x4c ./Drivers/BSP/STM32F4-Discovery/stm32f4_discovery.o
 .text.I2Cx_WriteData
                0x08001818       0x58 ./Drivers/BSP/STM32F4-Discovery/stm32f4_discovery.o
 .text.I2Cx_ReadData
                0x08001870       0x5c ./Drivers/BSP/STM32F4-Discovery/stm32f4_discovery.o
 .text.I2Cx_Error
                0x080018cc       0x20 ./Drivers/BSP/STM32F4-Discovery/stm32f4_discovery.o
 .text.I2Cx_MspInit
                0x080018ec       0xa8 ./Drivers/BSP/STM32F4-Discovery/stm32f4_discovery.o
 .text.AUDIO_IO_Init
                0x08001994       0x70 ./Drivers/BSP/STM32F4-Discovery/stm32f4_discovery.o
                0x08001994                AUDIO_IO_Init
 .text.AUDIO_IO_DeInit
                0x08001a04        0xe ./Drivers/BSP/STM32F4-Discovery/stm32f4_discovery.o
                0x08001a04                AUDIO_IO_DeInit
 .text.AUDIO_IO_Write
                0x08001a12       0x26 ./Drivers/BSP/STM32F4-Discovery/stm32f4_discovery.o
                0x08001a12                AUDIO_IO_Write
 .text.AUDIO_IO_Read
                0x08001a38       0x26 ./Drivers/BSP/STM32F4-Discovery/stm32f4_discovery.o
                0x08001a38                AUDIO_IO_Read
 *fill*         0x08001a5e        0x2 
 .text.BSP_AUDIO_OUT_Init
                0x08001a60       0x9c ./Drivers/BSP/STM32F4-Discovery/stm32f4_discovery_audio.o
                0x08001a60                BSP_AUDIO_OUT_Init
 .text.BSP_AUDIO_OUT_Play
                0x08001afc       0x54 ./Drivers/BSP/STM32F4-Discovery/stm32f4_discovery_audio.o
                0x08001afc                BSP_AUDIO_OUT_Play
 .text.HAL_I2S_TxCpltCallback
                0x08001b50       0x24 ./Drivers/BSP/STM32F4-Discovery/stm32f4_discovery_audio.o
                0x08001b50                HAL_I2S_TxCpltCallback
 .text.HAL_I2S_TxHalfCpltCallback
                0x08001b74       0x24 ./Drivers/BSP/STM32F4-Discovery/stm32f4_discovery_audio.o
                0x08001b74                HAL_I2S_TxHalfCpltCallback
 .text.BSP_AUDIO_OUT_ClockConfig
                0x08001b98       0xb4 ./Drivers/BSP/STM32F4-Discovery/stm32f4_discovery_audio.o
                0x08001b98                BSP_AUDIO_OUT_ClockConfig
 .text.I2S3_Init
                0x08001c4c       0x70 ./Drivers/BSP/STM32F4-Discovery/stm32f4_discovery_audio.o
 .text.HAL_I2S_RxCpltCallback
                0x08001cbc       0x14 ./Drivers/BSP/STM32F4-Discovery/stm32f4_discovery_audio.o
                0x08001cbc                HAL_I2S_RxCpltCallback
 .text.BSP_AUDIO_IN_TransferComplete_CallBack
                0x08001cd0        0xe ./Drivers/BSP/STM32F4-Discovery/stm32f4_discovery_audio.o
                0x08001cd0                BSP_AUDIO_IN_TransferComplete_CallBack
 .text.BSP_AUDIO_IN_Error_Callback
                0x08001cde        0xe ./Drivers/BSP/STM32F4-Discovery/stm32f4_discovery_audio.o
                0x08001cde                BSP_AUDIO_IN_Error_Callback
 .text.HAL_I2S_ErrorCallback
                0x08001cec       0x34 ./Drivers/BSP/STM32F4-Discovery/stm32f4_discovery_audio.o
                0x08001cec                HAL_I2S_ErrorCallback
 .text.HAL_Init
                0x08001d20       0x44 ./Drivers/STM32F4xx_HAL_Driver/Src/stm32f4xx_hal.o
                0x08001d20                HAL_Init
 .text.HAL_InitTick
                0x08001d64       0x60 ./Drivers/STM32F4xx_HAL_Driver/Src/stm32f4xx_hal.o
                0x08001d64                HAL_InitTick
 .text.HAL_IncTick
                0x08001dc4       0x28 ./Drivers/STM32F4xx_HAL_Driver/Src/stm32f4xx_hal.o
                0x08001dc4                HAL_IncTick
 .text.HAL_GetTick
                0x08001dec       0x18 ./Drivers/STM32F4xx_HAL_Driver/Src/stm32f4xx_hal.o
                0x08001dec                HAL_GetTick
 .text.HAL_Delay
                0x08001e04       0x48 ./Drivers/STM32F4xx_HAL_Driver/Src/stm32f4xx_hal.o
                0x08001e04                HAL_Delay
 .text.__NVIC_SetPriorityGrouping
                0x08001e4c       0x48 ./Drivers/STM32F4xx_HAL_Driver/Src/stm32f4xx_hal_cortex.o
 .text.__NVIC_GetPriorityGrouping
                0x08001e94       0x1c ./Drivers/STM32F4xx_HAL_Driver/Src/stm32f4xx_hal_cortex.o
 .text.__NVIC_EnableIRQ
                0x08001eb0       0x3c ./Drivers/STM32F4xx_HAL_Driver/Src/stm32f4xx_hal_cortex.o
 .text.__NVIC_SetPriority
                0x08001eec       0x54 ./Drivers/STM32F4xx_HAL_Driver/Src/stm32f4xx_hal_cortex.o
 .text.NVIC_EncodePriority
                0x08001f40       0x66 ./Drivers/STM32F4xx_HAL_Driver/Src/stm32f4xx_hal_cortex.o
 *fill*         0x08001fa6        0x2 
 .text.SysTick_Config
                0x08001fa8       0x44 ./Drivers/STM32F4xx_HAL_Driver/Src/stm32f4xx_hal_cortex.o
 .text.HAL_NVIC_SetPriorityGrouping
                0x08001fec       0x16 ./Drivers/STM32F4xx_HAL_Driver/Src/stm32f4xx_hal_cortex.o
                0x08001fec                HAL_NVIC_SetPriorityGrouping
 .text.HAL_NVIC_SetPriority
                0x08002002       0x38 ./Drivers/STM32F4xx_HAL_Driver/Src/stm32f4xx_hal_cortex.o
                0x08002002                HAL_NVIC_SetPriority
 .text.HAL_NVIC_EnableIRQ
                0x0800203a       0x1c ./Drivers/STM32F4xx_HAL_Driver/Src/stm32f4xx_hal_cortex.o
                0x0800203a                HAL_NVIC_EnableIRQ
 .text.HAL_SYSTICK_Config
                0x08002056       0x18 ./Drivers/STM32F4xx_HAL_Driver/Src/stm32f4xx_hal_cortex.o
                0x08002056                HAL_SYSTICK_Config
 *fill*         0x0800206e        0x2 
 .text.HAL_DMA_Init
                0x08002070      0x15c ./Drivers/STM32F4xx_HAL_Driver/Src/stm32f4xx_hal_dma.o
                0x08002070                HAL_DMA_Init
 .text.HAL_DMA_DeInit
                0x080021cc       0xbc ./Drivers/STM32F4xx_HAL_Driver/Src/stm32f4xx_hal_dma.o
                0x080021cc                HAL_DMA_DeInit
 .text.HAL_DMA_Start_IT
                0x08002288       0xb0 ./Drivers/STM32F4xx_HAL_Driver/Src/stm32f4xx_hal_dma.o
                0x08002288                HAL_DMA_Start_IT
 .text.HAL_DMA_IRQHandler
                0x08002338      0x314 ./Drivers/STM32F4xx_HAL_Driver/Src/stm32f4xx_hal_dma.o
                0x08002338                HAL_DMA_IRQHandler
 .text.DMA_SetConfig
                0x0800264c       0x5c ./Drivers/STM32F4xx_HAL_Driver/Src/stm32f4xx_hal_dma.o
 .text.DMA_CalcBaseAndBitshift
                0x080026a8       0x6c ./Drivers/STM32F4xx_HAL_Driver/Src/stm32f4xx_hal_dma.o
 .text.DMA_CheckFifoParam
                0x08002714       0xf8 ./Drivers/STM32F4xx_HAL_Driver/Src/stm32f4xx_hal_dma.o
 .text.HAL_GPIO_Init
                0x0800280c      0x338 ./Drivers/STM32F4xx_HAL_Driver/Src/stm32f4xx_hal_gpio.o
                0x0800280c                HAL_GPIO_Init
 .text.HAL_GPIO_WritePin
                0x08002b44       0x32 ./Drivers/STM32F4xx_HAL_Driver/Src/stm32f4xx_hal_gpio.o
                0x08002b44                HAL_GPIO_WritePin
 *fill*         0x08002b76        0x2 
 .text.HAL_GPIO_EXTI_IRQHandler
                0x08002b78       0x30 ./Drivers/STM32F4xx_HAL_Driver/Src/stm32f4xx_hal_gpio.o
                0x08002b78                HAL_GPIO_EXTI_IRQHandler
 .text.HAL_GPIO_EXTI_Callback
                0x08002ba8       0x16 ./Drivers/STM32F4xx_HAL_Driver/Src/stm32f4xx_hal_gpio.o
                0x08002ba8                HAL_GPIO_EXTI_Callback
 *fill*         0x08002bbe        0x2 
 .text.HAL_I2C_Init
                0x08002bc0      0x288 ./Drivers/STM32F4xx_HAL_Driver/Src/stm32f4xx_hal_i2c.o
                0x08002bc0                HAL_I2C_Init
 .text.HAL_I2C_DeInit
                0x08002e48       0x5e ./Drivers/STM32F4xx_HAL_Driver/Src/stm32f4xx_hal_i2c.o
                0x08002e48                HAL_I2C_DeInit
 .text.HAL_I2C_MspInit
                0x08002ea6       0x14 ./Drivers/STM32F4xx_HAL_Driver/Src/stm32f4xx_hal_i2c.o
                0x08002ea6                HAL_I2C_MspInit
 .text.HAL_I2C_MspDeInit
                0x08002eba       0x14 ./Drivers/STM32F4xx_HAL_Driver/Src/stm32f4xx_hal_i2c.o
                0x08002eba                HAL_I2C_MspDeInit
 *fill*         0x08002ece        0x2 
 .text.HAL_I2C_Mem_Write
                0x08002ed0      0x1f4 ./Drivers/STM32F4xx_HAL_Driver/Src/stm32f4xx_hal_i2c.o
                0x08002ed0                HAL_I2C_Mem_Write
 .text.HAL_I2C_Mem_Read
                0x080030c4      0x464 ./Drivers/STM32F4xx_HAL_Driver/Src/stm32f4xx_hal_i2c.o
                0x080030c4                HAL_I2C_Mem_Read
 .text.HAL_I2C_GetState
                0x08003528       0x1c ./Drivers/STM32F4xx_HAL_Driver/Src/stm32f4xx_hal_i2c.o
                0x08003528                HAL_I2C_GetState
 .text.I2C_RequestMemoryWrite
                0x08003544      0x12c ./Drivers/STM32F4xx_HAL_Driver/Src/stm32f4xx_hal_i2c.o
 .text.I2C_RequestMemoryRead
                0x08003670      0x1d0 ./Drivers/STM32F4xx_HAL_Driver/Src/stm32f4xx_hal_i2c.o
 .text.I2C_WaitOnFlagUntilTimeout
                0x08003840       0xf4 ./Drivers/STM32F4xx_HAL_Driver/Src/stm32f4xx_hal_i2c.o
 .text.I2C_WaitOnMasterAddressFlagUntilTimeout
                0x08003934      0x140 ./Drivers/STM32F4xx_HAL_Driver/Src/stm32f4xx_hal_i2c.o
 .text.I2C_WaitOnTXEFlagUntilTimeout
                0x08003a74       0x90 ./Drivers/STM32F4xx_HAL_Driver/Src/stm32f4xx_hal_i2c.o
 .text.I2C_WaitOnBTFFlagUntilTimeout
                0x08003b04       0x90 ./Drivers/STM32F4xx_HAL_Driver/Src/stm32f4xx_hal_i2c.o
 .text.I2C_WaitOnRXNEFlagUntilTimeout
                0x08003b94       0xba ./Drivers/STM32F4xx_HAL_Driver/Src/stm32f4xx_hal_i2c.o
 .text.I2C_IsAcknowledgeFailed
                0x08003c4e       0x5e ./Drivers/STM32F4xx_HAL_Driver/Src/stm32f4xx_hal_i2c.o
 .text.HAL_I2S_Init
                0x08003cac      0x280 ./Drivers/STM32F4xx_HAL_Driver/Src/stm32f4xx_hal_i2s.o
                0x08003cac                HAL_I2S_Init
 .text.HAL_I2S_MspInit
                0x08003f2c       0x14 ./Drivers/STM32F4xx_HAL_Driver/Src/stm32f4xx_hal_i2s.o
                0x08003f2c                HAL_I2S_MspInit
 .text.HAL_I2S_Transmit_DMA
                0x08003f40      0x148 ./Drivers/STM32F4xx_HAL_Driver/Src/stm32f4xx_hal_i2s.o
                0x08003f40                HAL_I2S_Transmit_DMA
 .text.HAL_I2S_GetState
                0x08004088       0x1c ./Drivers/STM32F4xx_HAL_Driver/Src/stm32f4xx_hal_i2s.o
                0x08004088                HAL_I2S_GetState
 .text.I2S_DMATxCplt
                0x080040a4       0x42 ./Drivers/STM32F4xx_HAL_Driver/Src/stm32f4xx_hal_i2s.o
 .text.I2S_DMATxHalfCplt
                0x080040e6       0x1c ./Drivers/STM32F4xx_HAL_Driver/Src/stm32f4xx_hal_i2s.o
 .text.I2S_DMAError
                0x08004102       0x4c ./Drivers/STM32F4xx_HAL_Driver/Src/stm32f4xx_hal_i2s.o
 .text.I2S_Transmit_IT
                0x0800414e       0x5c ./Drivers/STM32F4xx_HAL_Driver/Src/stm32f4xx_hal_i2s.o
 .text.I2S_Receive_IT
                0x080041aa       0x5e ./Drivers/STM32F4xx_HAL_Driver/Src/stm32f4xx_hal_i2s.o
 .text.I2S_IRQHandler
                0x08004208      0x114 ./Drivers/STM32F4xx_HAL_Driver/Src/stm32f4xx_hal_i2s.o
 .text.HAL_I2SEx_FullDuplex_IRQHandler
                0x0800431c      0x2a8 ./Drivers/STM32F4xx_HAL_Driver/Src/stm32f4xx_hal_i2s_ex.o
                0x0800431c                HAL_I2SEx_FullDuplex_IRQHandler
 .text.HAL_I2SEx_TxRxCpltCallback
                0x080045c4       0x14 ./Drivers/STM32F4xx_HAL_Driver/Src/stm32f4xx_hal_i2s_ex.o
                0x080045c4                HAL_I2SEx_TxRxCpltCallback
 .text.I2SEx_TxISR_I2S
                0x080045d8       0x62 ./Drivers/STM32F4xx_HAL_Driver/Src/stm32f4xx_hal_i2s_ex.o
 *fill*         0x0800463a        0x2 
 .text.I2SEx_TxISR_I2SExt
                0x0800463c       0x98 ./Drivers/STM32F4xx_HAL_Driver/Src/stm32f4xx_hal_i2s_ex.o
 .text.I2SEx_RxISR_I2S
                0x080046d4       0x64 ./Drivers/STM32F4xx_HAL_Driver/Src/stm32f4xx_hal_i2s_ex.o
 .text.I2SEx_RxISR_I2SExt
                0x08004738       0x98 ./Drivers/STM32F4xx_HAL_Driver/Src/stm32f4xx_hal_i2s_ex.o
 .text.HAL_RCC_OscConfig
                0x080047d0      0x4f0 ./Drivers/STM32F4xx_HAL_Driver/Src/stm32f4xx_hal_rcc.o
                0x080047d0                HAL_RCC_OscConfig
 .text.HAL_RCC_ClockConfig
                0x08004cc0      0x1cc ./Drivers/STM32F4xx_HAL_Driver/Src/stm32f4xx_hal_rcc.o
                0x08004cc0                HAL_RCC_ClockConfig
 .text.HAL_RCC_GetSysClockFreq
                0x08004e8c      0x20c ./Drivers/STM32F4xx_HAL_Driver/Src/stm32f4xx_hal_rcc.o
                0x08004e8c                HAL_RCC_GetSysClockFreq
 .text.HAL_RCC_GetHCLKFreq
                0x08005098       0x18 ./Drivers/STM32F4xx_HAL_Driver/Src/stm32f4xx_hal_rcc.o
                0x08005098                HAL_RCC_GetHCLKFreq
 .text.HAL_RCC_GetPCLK1Freq
                0x080050b0       0x28 ./Drivers/STM32F4xx_HAL_Driver/Src/stm32f4xx_hal_rcc.o
                0x080050b0                HAL_RCC_GetPCLK1Freq
 .text.HAL_RCCEx_PeriphCLKConfig
                0x080050d8      0x1c4 ./Drivers/STM32F4xx_HAL_Driver/Src/stm32f4xx_hal_rcc_ex.o
                0x080050d8                HAL_RCCEx_PeriphCLKConfig
 .text.HAL_RCCEx_GetPeriphCLKConfig
                0x0800529c       0x58 ./Drivers/STM32F4xx_HAL_Driver/Src/stm32f4xx_hal_rcc_ex.o
                0x0800529c                HAL_RCCEx_GetPeriphCLKConfig
 .text.HAL_RCCEx_GetPeriphCLKFreq
                0x080052f4       0xc0 ./Drivers/STM32F4xx_HAL_Driver/Src/stm32f4xx_hal_rcc_ex.o
                0x080052f4                HAL_RCCEx_GetPeriphCLKFreq
 .text.sinf     0x080053b4       0x8c D:/ST/STM32CubeIDE_1.6.0/STM32CubeIDE/plugins/com.st.stm32cube.ide.mcu.externaltools.gnu-tools-for-stm32.13.3.rel1.win32_1.0.0.202411081344/tools/bin/../lib/gcc/arm-none-eabi/13.3.1/../../../../arm-none-eabi/lib/thumb/v7e-m+fp/hard\libm.a(libm_a-sf_sin.o)
                0x080053b4                sinf
 .text.__kernel_cosf
                0x08005440       0xb0 D:/ST/STM32CubeIDE_1.6.0/STM32CubeIDE/plugins/com.st.stm32cube.ide.mcu.externaltools.gnu-tools-for-stm32.13.3.rel1.win32_1.0.0.202411081344/tools/bin/../lib/gcc/arm-none-eabi/13.3.1/../../../../arm-none-eabi/lib/thumb/v7e-m+fp/hard\libm.a(libm_a-kf_cos.o)
                0x08005440                __kernel_cosf
 .text.__kernel_sinf
                0x080054f0       0x90 D:/ST/STM32CubeIDE_1.6.0/STM32CubeIDE/plugins/com.st.stm32cube.ide.mcu.externaltools.gnu-tools-for-stm32.13.3.rel1.win32_1.0.0.202411081344/tools/bin/../lib/gcc/arm-none-eabi/13.3.1/../../../../arm-none-eabi/lib/thumb/v7e-m+fp/hard\libm.a(libm_a-kf_sin.o)
                0x080054f0                __kernel_sinf
 .text.__ieee754_rem_pio2f
                0x08005580      0x260 D:/ST/STM32CubeIDE_1.6.0/STM32CubeIDE/plugins/com.st.stm32cube.ide.mcu.externaltools.gnu-tools-for-stm32.13.3.rel1.win32_1.0.0.202411081344/tools/bin/../lib/gcc/arm-none-eabi/13.3.1/../../../../arm-none-eabi/lib/thumb/v7e-m+fp/hard\libm.a(libm_a-ef_rem_pio2.o)
                0x08005580                __ieee754_rem_pio2f
 .text.fabsf    0x080057e0        0xe D:/ST/STM32CubeIDE_1.6.0/STM32CubeIDE/plugins/com.st.stm32cube.ide.mcu.externaltools.gnu-tools-for-stm32.13.3.rel1.win32_1.0.0.202411081344/tools/bin/../lib/gcc/arm-none-eabi/13.3.1/../../../../arm-none-eabi/lib/thumb/v7e-m+fp/hard\libm.a(libm_a-sf_fabs.o)
                0x080057e0                fabsf
 *fill*         0x080057ee        0x2 
 .text.__kernel_rem_pio2f
                0x080057f0      0x4d0 D:/ST/STM32CubeIDE_1.6.0/STM32CubeIDE/plugins/com.st.stm32cube.ide.mcu.externaltools.gnu-tools-for-stm32.13.3.rel1.win32_1.0.0.202411081344/tools/bin/../lib/gcc/arm-none-eabi/13.3.1/../../../../arm-none-eabi/lib/thumb/v7e-m+fp/hard\libm.a(libm_a-kf_rem_pio2.o)
                0x080057f0                __kernel_rem_pio2f
 .text.scalbnf  0x08005cc0       0xcc D:/ST/STM32CubeIDE_1.6.0/STM32CubeIDE/plugins/com.st.stm32cube.ide.mcu.externaltools.gnu-tools-for-stm32.13.3.rel1.win32_1.0.0.202411081344/tools/bin/../lib/gcc/arm-none-eabi/13.3.1/../../../../arm-none-eabi/lib/thumb/v7e-m+fp/hard\libm.a(libm_a-sf_scalbn.o)
                0x08005cc0                scalbnf
 .text.floorf   0x08005d8c       0x88 D:/ST/STM32CubeIDE_1.6.0/STM32CubeIDE/plugins/com.st.stm32cube.ide.mcu.externaltools.gnu-tools-for-stm32.13.3.rel1.win32_1.0.0.202411081344/tools/bin/../lib/gcc/arm-none-eabi/13.3.1/../../../../arm-none-eabi/lib/thumb/v7e-m+fp/hard\libm.a(libm_a-sf_floor.o)
                0x08005d8c                floorf
 .text.memset   0x08005e14       0x10 D:/ST/STM32CubeIDE_1.6.0/STM32CubeIDE/plugins/com.st.stm32cube.ide.mcu.externaltools.gnu-tools-for-stm32.13.3.rel1.win32_1.0.0.202411081344/tools/bin/../lib/gcc/arm-none-eabi/13.3.1/../../../../arm-none-eabi/lib/thumb/v7e-m+fp/hard\libc_nano.a(libc_a-memset.o)
                0x08005e14                memset
 .text.__libc_init_array
                0x08005e24       0x48 D:/ST/STM32CubeIDE_1.6.0/STM32CubeIDE/plugins/com.st.stm32cube.ide.mcu.externaltools.gnu-tools-for-stm32.13.3.rel1.win32_1.0.0.202411081344/tools/bin/../lib/gcc/arm-none-eabi/13.3.1/../../../../arm-none-eabi/lib/thumb/v7e-m+fp/hard\libc_nano.a(libc_a-init.o)
                0x08005e24                __libc_init_array
 *(.glue_7)
 .glue_7        0x08005e6c        0x0 linker stubs
 *(.glue_7t)
 .glue_7t       0x08005e6c        0x0 linker stubs
 *(.eh_frame)
 .eh_frame      0x08005e6c        0x0 D:/ST/STM32CubeIDE_1.6.0/STM32CubeIDE/plugins/com.st.stm32cube.ide.mcu.externaltools.gnu-tools-for-stm32.13.3.rel1.win32_1.0.0.202411081344/tools/bin/../lib/gcc/arm-none-eabi/13.3.1/thumb/v7e-m+fp/hard/crtbegin.o
 *(.init)
 .init          0x08005e6c        0x4 D:/ST/STM32CubeIDE_1.6.0/STM32CubeIDE/plugins/com.st.stm32cube.ide.mcu.externaltools.gnu-tools-for-stm32.13.3.rel1.win32_1.0.0.202411081344/tools/bin/../lib/gcc/arm-none-eabi/13.3.1/thumb/v7e-m+fp/hard/crti.o
                0x08005e6c                _init
 .init          0x08005e70        0x8 D:/ST/STM32CubeIDE_1.6.0/STM32CubeIDE/plugins/com.st.stm32cube.ide.mcu.externaltools.gnu-tools-for-stm32.13.3.rel1.win32_1.0.0.202411081344/tools/bin/../lib/gcc/arm-none-eabi/13.3.1/thumb/v7e-m+fp/hard/crtn.o
 *(.fini)
 .fini          0x08005e78        0x4 D:/ST/STM32CubeIDE_1.6.0/STM32CubeIDE/plugins/com.st.stm32cube.ide.mcu.externaltools.gnu-tools-for-stm32.13.3.rel1.win32_1.0.0.202411081344/tools/bin/../lib/gcc/arm-none-eabi/13.3.1/thumb/v7e-m+fp/hard/crti.o
                0x08005e78                _fini
 .fini          0x08005e7c        0x8 D:/ST/STM32CubeIDE_1.6.0/STM32CubeIDE/plugins/com.st.stm32cube.ide.mcu.externaltools.gnu-tools-for-stm32.13.3.rel1.win32_1.0.0.202411081344/tools/bin/../lib/gcc/arm-none-eabi/13.3.1/thumb/v7e-m+fp/hard/crtn.o
                0x08005e84                        . = ALIGN (0x4)
                0x08005e84                        _etext = .

.vfp11_veneer   0x08005e84        0x0
 .vfp11_veneer  0x08005e84        0x0 linker stubs

.v4_bx          0x08005e84        0x0
 .v4_bx         0x08005e84        0x0 linker stubs

.iplt           0x08005e84        0x0
 .iplt          0x08005e84        0x0 D:/ST/STM32CubeIDE_1.6.0/STM32CubeIDE/plugins/com.st.stm32cube.ide.mcu.externaltools.gnu-tools-for-stm32.13.3.rel1.win32_1.0.0.202411081344/tools/bin/../lib/gcc/arm-none-eabi/13.3.1/thumb/v7e-m+fp/hard/crtbegin.o

.rodata         0x08005e84      0x458
                0x08005e84                        . = ALIGN (0x4)
 *(.rodata)
 *(.rodata*)
 .rodata.AHBPrescTable
                0x08005e84       0x10 ./Core/Src/system_stm32f4xx.o
                0x08005e84                AHBPrescTable
 .rodata.APBPrescTable
                0x08005e94        0x8 ./Core/Src/system_stm32f4xx.o
                0x08005e94                APBPrescTable
 .rodata.GPIO_PIN
                0x08005e9c        0x8 ./Drivers/BSP/STM32F4-Discovery/stm32f4_discovery.o
                0x08005e9c                GPIO_PIN
 .rodata.I2SFreq
                0x08005ea4       0x20 ./Drivers/BSP/STM32F4-Discovery/stm32f4_discovery_audio.o
                0x08005ea4                I2SFreq
 .rodata.I2SPLLN
                0x08005ec4       0x20 ./Drivers/BSP/STM32F4-Discovery/stm32f4_discovery_audio.o
                0x08005ec4                I2SPLLN
 .rodata.I2SPLLR
                0x08005ee4       0x20 ./Drivers/BSP/STM32F4-Discovery/stm32f4_discovery_audio.o
                0x08005ee4                I2SPLLR
 .rodata.flagBitshiftOffset.0
                0x08005f04        0x8 ./Drivers/STM32F4xx_HAL_Driver/Src/stm32f4xx_hal_dma.o
 .rodata.npio2_hw
                0x08005f0c       0x80 D:/ST/STM32CubeIDE_1.6.0/STM32CubeIDE/plugins/com.st.stm32cube.ide.mcu.externaltools.gnu-tools-for-stm32.13.3.rel1.win32_1.0.0.202411081344/tools/bin/../lib/gcc/arm-none-eabi/13.3.1/../../../../arm-none-eabi/lib/thumb/v7e-m+fp/hard\libm.a(libm_a-ef_rem_pio2.o)
 .rodata.two_over_pi
                0x08005f8c      0x318 D:/ST/STM32CubeIDE_1.6.0/STM32CubeIDE/plugins/com.st.stm32cube.ide.mcu.externaltools.gnu-tools-for-stm32.13.3.rel1.win32_1.0.0.202411081344/tools/bin/../lib/gcc/arm-none-eabi/13.3.1/../../../../arm-none-eabi/lib/thumb/v7e-m+fp/hard\libm.a(libm_a-ef_rem_pio2.o)
 .rodata.PIo2   0x080062a4       0x2c D:/ST/STM32CubeIDE_1.6.0/STM32CubeIDE/plugins/com.st.stm32cube.ide.mcu.externaltools.gnu-tools-for-stm32.13.3.rel1.win32_1.0.0.202411081344/tools/bin/../lib/gcc/arm-none-eabi/13.3.1/../../../../arm-none-eabi/lib/thumb/v7e-m+fp/hard\libm.a(libm_a-kf_rem_pio2.o)
 .rodata.init_jk
                0x080062d0        0xc D:/ST/STM32CubeIDE_1.6.0/STM32CubeIDE/plugins/com.st.stm32cube.ide.mcu.externaltools.gnu-tools-for-stm32.13.3.rel1.win32_1.0.0.202411081344/tools/bin/../lib/gcc/arm-none-eabi/13.3.1/../../../../arm-none-eabi/lib/thumb/v7e-m+fp/hard\libm.a(libm_a-kf_rem_pio2.o)
                0x080062dc                        . = ALIGN (0x4)

.ARM.extab      0x080062dc        0x0
                0x080062dc                        . = ALIGN (0x4)
 *(.ARM.extab* .gnu.linkonce.armextab.*)
                0x080062dc                        . = ALIGN (0x4)

.ARM            0x080062dc        0x8
                0x080062dc                        . = ALIGN (0x4)
                0x080062dc                        __exidx_start = .
 *(.ARM.exidx*)
 .ARM.exidx     0x080062dc        0x8 D:/ST/STM32CubeIDE_1.6.0/STM32CubeIDE/plugins/com.st.stm32cube.ide.mcu.externaltools.gnu-tools-for-stm32.13.3.rel1.win32_1.0.0.202411081344/tools/bin/../lib/gcc/arm-none-eabi/13.3.1/thumb/v7e-m+fp/hard\libgcc.a(_udivmoddi4.o)
                0x080062e4                        __exidx_end = .
                0x080062e4                        . = ALIGN (0x4)

.preinit_array  0x080062e4        0x0
                0x080062e4                        . = ALIGN (0x4)
                0x080062e4                        PROVIDE (__preinit_array_start = .)
 *(.preinit_array*)
                0x080062e4                        PROVIDE (__preinit_array_end = .)
                0x080062e4                        . = ALIGN (0x4)

.init_array     0x080062e4        0x4
                0x080062e4                        . = ALIGN (0x4)
                0x080062e4                        PROVIDE (__init_array_start = .)
 *(SORT_BY_NAME(.init_array.*))
 *(.init_array*)
 .init_array    0x080062e4        0x4 D:/ST/STM32CubeIDE_1.6.0/STM32CubeIDE/plugins/com.st.stm32cube.ide.mcu.externaltools.gnu-tools-for-stm32.13.3.rel1.win32_1.0.0.202411081344/tools/bin/../lib/gcc/arm-none-eabi/13.3.1/thumb/v7e-m+fp/hard/crtbegin.o
                0x080062e8                        PROVIDE (__init_array_end = .)
                0x080062e8                        . = ALIGN (0x4)

.fini_array     0x080062e8        0x4
                0x080062e8                        . = ALIGN (0x4)
                [!provide]                        PROVIDE (__fini_array_start = .)
 *(SORT_BY_NAME(.fini_array.*))
 *(.fini_array*)
 .fini_array    0x080062e8        0x4 D:/ST/STM32CubeIDE_1.6.0/STM32CubeIDE/plugins/com.st.stm32cube.ide.mcu.externaltools.gnu-tools-for-stm32.13.3.rel1.win32_1.0.0.202411081344/tools/bin/../lib/gcc/arm-none-eabi/13.3.1/thumb/v7e-m+fp/hard/crtbegin.o
                [!provide]                        PROVIDE (__fini_array_end = .)
                0x080062ec                        . = ALIGN (0x4)
                0x080062ec                        _sidata = LOADADDR (.data)

.rel.dyn        0x080062ec        0x0
 .rel.iplt      0x080062ec        0x0 D:/ST/STM32CubeIDE_1.6.0/STM32CubeIDE/plugins/com.st.stm32cube.ide.mcu.externaltools.gnu-tools-for-stm32.13.3.rel1.win32_1.0.0.202411081344/tools/bin/../lib/gcc/arm-none-eabi/13.3.1/thumb/v7e-m+fp/hard/crtbegin.o

.data           0x20000000       0x58 load address 0x080062ec
                0x20000000                        . = ALIGN (0x4)
                0x20000000                        _sdata = .
 *(.data)
 *(.data*)
 .data.SystemCoreClock
                0x20000000        0x4 ./Core/Src/system_stm32f4xx.o
                0x20000000                SystemCoreClock
 .data.cs43l22_drv
                0x20000004       0x30 ./Drivers/BSP/Components/cs43l22/cs43l22.o
                0x20000004                cs43l22_drv
 .data.Is_cs43l22_Stop
                0x20000034        0x1 ./Drivers/BSP/Components/cs43l22/cs43l22.o
 *fill*         0x20000035        0x3 
 .data.GPIO_PORT
                0x20000038       0x10 ./Drivers/BSP/STM32F4-Discovery/stm32f4_discovery.o
                0x20000038                GPIO_PORT
 .data.BUTTON_PORT
                0x20000048        0x4 ./Drivers/BSP/STM32F4-Discovery/stm32f4_discovery.o
                0x20000048                BUTTON_PORT
 .data.I2cxTimeout
                0x2000004c        0x4 ./Drivers/BSP/STM32F4-Discovery/stm32f4_discovery.o
                0x2000004c                I2cxTimeout
 .data.uwTickPrio
                0x20000050        0x4 ./Drivers/STM32F4xx_HAL_Driver/Src/stm32f4xx_hal.o
                0x20000050                uwTickPrio
 .data.uwTickFreq
                0x20000054        0x1 ./Drivers/STM32F4xx_HAL_Driver/Src/stm32f4xx_hal.o
                0x20000054                uwTickFreq
 *(.RamFunc)
 *(.RamFunc*)
                0x20000058                        . = ALIGN (0x4)
 *fill*         0x20000055        0x3 
                0x20000058                        _edata = .
                0x08006344                        _siccmram = LOADADDR (.ccmram)

.igot.plt       0x20000058        0x0 load address 0x08006344
 .igot.plt      0x20000058        0x0 D:/ST/STM32CubeIDE_1.6.0/STM32CubeIDE/plugins/com.st.stm32cube.ide.mcu.externaltools.gnu-tools-for-stm32.13.3.rel1.win32_1.0.0.202411081344/tools/bin/../lib/gcc/arm-none-eabi/13.3.1/thumb/v7e-m+fp/hard/crtbegin.o

.ccmram         0x10000000        0x0 load address 0x08006344
                0x10000000                        . = ALIGN (0x4)
                0x10000000                        _sccmram = .
 *(.ccmram)
 *(.ccmram*)
                0x10000000                        . = ALIGN (0x4)
                0x10000000                        _eccmram = .
                0x10000000                        . = ALIGN (0x4)

.bss            0x20000058      0x9b4
                0x20000058                        _sbss = .
                0x20000058                        __bss_start__ = _sbss
 *(.bss)
 .bss           0x20000058       0x1c D:/ST/STM32CubeIDE_1.6.0/STM32CubeIDE/plugins/com.st.stm32cube.ide.mcu.externaltools.gnu-tools-for-stm32.13.3.rel1.win32_1.0.0.202411081344/tools/bin/../lib/gcc/arm-none-eabi/13.3.1/thumb/v7e-m+fp/hard/crtbegin.o
 *(.bss*)
 .bss.audio_buffer
                0x20000074      0x800 ./Core/Src/audio_play.o
 .bss.state     0x20000874        0x1 ./Core/Src/audio_play.o
 .bss.audio_state
                0x20000875        0x1 ./Core/Src/audio_play.o
 *fill*         0x20000876        0x2 
 .bss.uwVolume  0x20000878        0x4 ./Core/Src/audio_play.o
 .bss.hdma_i2sTx.0
                0x2000087c       0x60 ./Core/Src/audio_play.o
 .bss.vibr_lfo  0x200008dc       0x20 ./Core/Src/test_sound_generator.o
 .bss.oscillo   0x200008fc       0x20 ./Core/Src/test_sound_generator.o
 .bss.OutputDev
                0x2000091c        0x1 ./Drivers/BSP/Components/cs43l22/cs43l22.o
                0x2000091c                OutputDev
 *fill*         0x2000091d        0x3 
 .bss.I2cHandle
                0x20000920       0x54 ./Drivers/BSP/STM32F4-Discovery/stm32f4_discovery.o
 .bss.pAudioDrv
                0x20000974        0x4 ./Drivers/BSP/STM32F4-Discovery/stm32f4_discovery_audio.o
 .bss.hAudioOutI2s
                0x20000978       0x48 ./Drivers/BSP/STM32F4-Discovery/stm32f4_discovery_audio.o
                0x20000978                hAudioOutI2s
 .bss.hAudioInI2s
                0x200009c0       0x48 ./Drivers/BSP/STM32F4-Discovery/stm32f4_discovery_audio.o
                0x200009c0                hAudioInI2s
 .bss.uwTick    0x20000a08        0x4 ./Drivers/STM32F4xx_HAL_Driver/Src/stm32f4xx_hal.o
                0x20000a08                uwTick
 *(COMMON)
                0x20000a0c                        . = ALIGN (0x4)
                0x20000a0c                        _ebss = .
                0x20000a0c                        __bss_end__ = _ebss

._user_heap_stack
                0x20000a0c      0x604
                0x20000a10                        . = ALIGN (0x8)
 *fill*         0x20000a0c        0x4 
                [!provide]                        PROVIDE (end = .)
                0x20000a10                        PROVIDE (_end = .)
                0x20000c10                        . = (. + _Min_Heap_Size)
 *fill*         0x20000a10      0x200 
                0x20001010                        . = (. + _Min_Stack_Size)
 *fill*         0x20000c10      0x400 
                0x20001010                        . = ALIGN (0x8)

/DISCARD/
 libc.a(*)
 libm.a(*)
 libgcc.a(*)

.ARM.attributes
                0x00000000       0x30
 *(.ARM.attributes)
 .ARM.attributes
                0x00000000       0x22 D:/ST/STM32CubeIDE_1.6.0/STM32CubeIDE/plugins/com.st.stm32cube.ide.mcu.externaltools.gnu-tools-for-stm32.13.3.rel1.win32_1.0.0.202411081344/tools/bin/../lib/gcc/arm-none-eabi/13.3.1/thumb/v7e-m+fp/hard/crti.o
 .ARM.attributes
                0x00000022       0x34 D:/ST/STM32CubeIDE_1.6.0/STM32CubeIDE/plugins/com.st.stm32cube.ide.mcu.externaltools.gnu-tools-for-stm32.13.3.rel1.win32_1.0.0.202411081344/tools/bin/../lib/gcc/arm-none-eabi/13.3.1/thumb/v7e-m+fp/hard/crtbegin.o
 .ARM.attributes
                0x00000056       0x34 ./Core/Src/audio_play.o
 .ARM.attributes
                0x0000008a       0x34 ./Core/Src/gpio.o
 .ARM.attributes
                0x000000be       0x34 ./Core/Src/main.o
 .ARM.attributes
                0x000000f2       0x34 ./Core/Src/stm32f4xx_hal_msp.o
 .ARM.attributes
                0x00000126       0x34 ./Core/Src/stm32f4xx_it.o
 .ARM.attributes
                0x0000015a       0x34 ./Core/Src/system_stm32f4xx.o
 .ARM.attributes
                0x0000018e       0x34 ./Core/Src/test_sound_generator.o
 .ARM.attributes
                0x000001c2       0x21 ./Core/Startup/startup_stm32f407vgtx.o
 .ARM.attributes
                0x000001e3       0x34 ./Drivers/BSP/Components/cs43l22/cs43l22.o
 .ARM.attributes
                0x00000217       0x34 ./Drivers/BSP/STM32F4-Discovery/stm32f4_discovery.o
 .ARM.attributes
                0x0000024b       0x34 ./Drivers/BSP/STM32F4-Discovery/stm32f4_discovery_audio.o
 .ARM.attributes
                0x0000027f       0x34 ./Drivers/STM32F4xx_HAL_Driver/Src/stm32f4xx_hal.o
 .ARM.attributes
                0x000002b3       0x34 ./Drivers/STM32F4xx_HAL_Driver/Src/stm32f4xx_hal_cortex.o
 .ARM.attributes
                0x000002e7       0x34 ./Drivers/STM32F4xx_HAL_Driver/Src/stm32f4xx_hal_dma.o
 .ARM.attributes
                0x0000031b       0x34 ./Drivers/STM32F4xx_HAL_Driver/Src/stm32f4xx_hal_gpio.o
 .ARM.attributes
                0x0000034f       0x34 ./Drivers/STM32F4xx_HAL_Driver/Src/stm32f4xx_hal_i2c.o
 .ARM.attributes
                0x00000383       0x34 ./Drivers/STM32F4xx_HAL_Driver/Src/stm32f4xx_hal_i2s.o
 .ARM.attributes
                0x000003b7       0x34 ./Drivers/STM32F4xx_HAL_Driver/Src/stm32f4xx_hal_i2s_ex.o
 .ARM.attributes
                0x000003eb       0x34 ./Drivers/STM32F4xx_HAL_Driver/Src/stm32f4xx_hal_rcc.o
 .ARM.attributes
                0x0000041f       0x34 ./Drivers/STM32F4xx_HAL_Driver/Src/stm32f4xx_hal_rcc_ex.o
 .ARM.attributes
                0x00000453       0x34 D:/ST/STM32CubeIDE_1.6.0/STM32CubeIDE/plugins/com.st.stm32cube.ide.mcu.externaltools.gnu-tools-for-stm32.13.3.rel1.win32_1.0.0.202411081344/tools/bin/../lib/gcc/arm-none-eabi/13.3.1/../../../../arm-none-eabi/lib/thumb/v7e-m+fp/hard\libm.a(libm_a-sf_sin.o)
 .ARM.attributes
                0x00000487       0x34 D:/ST/STM32CubeIDE_1.6.0/STM32CubeIDE/plugins/com.st.stm32cube.ide.mcu.externaltools.gnu-tools-for-stm32.13.3.rel1.win32_1.0.0.202411081344/tools/bin/../lib/gcc/arm-none-eabi/13.3.1/../../../../arm-none-eabi/lib/thumb/v7e-m+fp/hard\libm.a(libm_a-kf_cos.o)
 .ARM.attributes
                0x000004bb       0x34 D:/ST/STM32CubeIDE_1.6.0/STM32CubeIDE/plugins/com.st.stm32cube.ide.mcu.externaltools.gnu-tools-for-stm32.13.3.rel1.win32_1.0.0.202411081344/tools/bin/../lib/gcc/arm-none-eabi/13.3.1/../../../../arm-none-eabi/lib/thumb/v7e-m+fp/hard\libm.a(libm_a-kf_sin.o)
 .ARM.attributes
                0x000004ef       0x34 D:/ST/STM32CubeIDE_1.6.0/STM32CubeIDE/plugins/com.st.stm32cube.ide.mcu.externaltools.gnu-tools-for-stm32.13.3.rel1.win32_1.0.0.202411081344/tools/bin/../lib/gcc/arm-none-eabi/13.3.1/../../../../arm-none-eabi/lib/thumb/v7e-m+fp/hard\libm.a(libm_a-ef_rem_pio2.o)
 .ARM.attributes
                0x00000523       0x34 D:/ST/STM32CubeIDE_1.6.0/STM32CubeIDE/plugins/com.st.stm32cube.ide.mcu.externaltools.gnu-tools-for-stm32.13.3.rel1.win32_1.0.0.202411081344/tools/bin/../lib/gcc/arm-none-eabi/13.3.1/../../../../arm-none-eabi/lib/thumb/v7e-m+fp/hard\libm.a(libm_a-sf_fabs.o)
 .ARM.attributes
                0x00000557       0x34 D:/ST/STM32CubeIDE_1.6.0/STM32CubeIDE/plugins/com.st.stm32cube.ide.mcu.externaltools.gnu-tools-for-stm32.13.3.rel1.win32_1.0.0.202411081344/tools/bin/../lib/gcc/arm-none-eabi/13.3.1/../../../../arm-none-eabi/lib/thumb/v7e-m+fp/hard\libm.a(libm_a-kf_rem_pio2.o)
 .ARM.attributes
                0x0000058b       0x34 D:/ST/STM32CubeIDE_1.6.0/STM32CubeIDE/plugins/com.st.stm32cube.ide.mcu.externaltools.gnu-tools-for-stm32.13.3.rel1.win32_1.0.0.202411081344/tools/bin/../lib/gcc/arm-none-eabi/13.3.1/../../../../arm-none-eabi/lib/thumb/v7e-m+fp/hard\libm.a(libm_a-sf_scalbn.o)
 .ARM.attributes
                0x000005bf       0x34 D:/ST/STM32CubeIDE_1.6.0/STM32CubeIDE/plugins/com.st.stm32cube.ide.mcu.externaltools.gnu-tools-for-stm32.13.3.rel1.win32_1.0.0.202411081344/tools/bin/../lib/gcc/arm-none-eabi/13.3.1/../../../../arm-none-eabi/lib/thumb/v7e-m+fp/hard\libm.a(libm_a-sf_floor.o)
 .ARM.attributes
                0x000005f3       0x34 D:/ST/STM32CubeIDE_1.6.0/STM32CubeIDE/plugins/com.st.stm32cube.ide.mcu.externaltools.gnu-tools-for-stm32.13.3.rel1.win32_1.0.0.202411081344/tools/bin/../lib/gcc/arm-none-eabi/13.3.1/../../../../arm-none-eabi/lib/thumb/v7e-m+fp/hard\libc_nano.a(libc_a-memset.o)
 .ARM.attributes
                0x00000627       0x34 D:/ST/STM32CubeIDE_1.6.0/STM32CubeIDE/plugins/com.st.stm32cube.ide.mcu.externaltools.gnu-tools-for-stm32.13.3.rel1.win32_1.0.0.202411081344/tools/bin/../lib/gcc/arm-none-eabi/13.3.1/../../../../arm-none-eabi/lib/thumb/v7e-m+fp/hard\libc_nano.a(libc_a-init.o)
 .ARM.attributes
                0x0000065b       0x22 D:/ST/STM32CubeIDE_1.6.0/STM32CubeIDE/plugins/com.st.stm32cube.ide.mcu.externaltools.gnu-tools-for-stm32.13.3.rel1.win32_1.0.0.202411081344/tools/bin/../lib/gcc/arm-none-eabi/13.3.1/thumb/v7e-m+fp/hard\libgcc.a(_aeabi_uldivmod.o)
 .ARM.attributes
                0x0000067d       0x34 D:/ST/STM32CubeIDE_1.6.0/STM32CubeIDE/plugins/com.st.stm32cube.ide.mcu.externaltools.gnu-tools-for-stm32.13.3.rel1.win32_1.0.0.202411081344/tools/bin/../lib/gcc/arm-none-eabi/13.3.1/thumb/v7e-m+fp/hard\libgcc.a(_udivmoddi4.o)
 .ARM.attributes
                0x000006b1       0x22 D:/ST/STM32CubeIDE_1.6.0/STM32CubeIDE/plugins/com.st.stm32cube.ide.mcu.externaltools.gnu-tools-for-stm32.13.3.rel1.win32_1.0.0.202411081344/tools/bin/../lib/gcc/arm-none-eabi/13.3.1/thumb/v7e-m+fp/hard\libgcc.a(_dvmd_tls.o)
 .ARM.attributes
                0x000006d3       0x22 D:/ST/STM32CubeIDE_1.6.0/STM32CubeIDE/plugins/com.st.stm32cube.ide.mcu.externaltools.gnu-tools-for-stm32.13.3.rel1.win32_1.0.0.202411081344/tools/bin/../lib/gcc/arm-none-eabi/13.3.1/thumb/v7e-m+fp/hard/crtn.o
OUTPUT(SynthF4.elf elf32-littlearm)
LOAD linker stubs
LOAD D:/ST/STM32CubeIDE_1.6.0/STM32CubeIDE/plugins/com.st.stm32cube.ide.mcu.externaltools.gnu-tools-for-stm32.13.3.rel1.win32_1.0.0.202411081344/tools/bin/../lib/gcc/arm-none-eabi/13.3.1/../../../../arm-none-eabi/lib/thumb/v7e-m+fp/hard\libc.a
LOAD D:/ST/STM32CubeIDE_1.6.0/STM32CubeIDE/plugins/com.st.stm32cube.ide.mcu.externaltools.gnu-tools-for-stm32.13.3.rel1.win32_1.0.0.202411081344/tools/bin/../lib/gcc/arm-none-eabi/13.3.1/../../../../arm-none-eabi/lib/thumb/v7e-m+fp/hard\libm.a
LOAD D:/ST/STM32CubeIDE_1.6.0/STM32CubeIDE/plugins/com.st.stm32cube.ide.mcu.externaltools.gnu-tools-for-stm32.13.3.rel1.win32_1.0.0.202411081344/tools/bin/../lib/gcc/arm-none-eabi/13.3.1/thumb/v7e-m+fp/hard\libgcc.a

.debug_info     0x00000000     0xcf22
 .debug_info    0x00000000      0xe87 ./Core/Src/audio_play.o
 .debug_info    0x00000e87      0x459 ./Core/Src/gpio.o
 .debug_info    0x000012e0      0x65e ./Core/Src/main.o
 .debug_info    0x0000193e      0x27c ./Core/Src/stm32f4xx_hal_msp.o
 .debug_info    0x00001bba      0x65f ./Core/Src/stm32f4xx_it.o
 .debug_info    0x00002219      0x512 ./Core/Src/system_stm32f4xx.o
 .debug_info    0x0000272b      0x2be ./Core/Src/test_sound_generator.o
 .debug_info    0x000029e9       0x30 ./Core/Startup/startup_stm32f407vgtx.o
 .debug_info    0x00002a19      0x5c5 ./Drivers/BSP/Components/cs43l22/cs43l22.o
 .debug_info    0x00002fde     0x15d2 ./Drivers/BSP/STM32F4-Discovery/stm32f4_discovery.o
 .debug_info    0x000045b0     0x183a ./Drivers/BSP/STM32F4-Discovery/stm32f4_discovery_audio.o
 .debug_info    0x00005dea      0x944 ./Drivers/STM32F4xx_HAL_Driver/Src/stm32f4xx_hal.o
 .debug_info    0x0000672e      0xd8c ./Drivers/STM32F4xx_HAL_Driver/Src/stm32f4xx_hal_cortex.o
 .debug_info    0x000074ba      0x8e7 ./Drivers/STM32F4xx_HAL_Driver/Src/stm32f4xx_hal_dma.o
 .debug_info    0x00007da1      0x6c3 ./Drivers/STM32F4xx_HAL_Driver/Src/stm32f4xx_hal_gpio.o
 .debug_info    0x00008464     0x2415 ./Drivers/STM32F4xx_HAL_Driver/Src/stm32f4xx_hal_i2c.o
 .debug_info    0x0000a879      0xe02 ./Drivers/STM32F4xx_HAL_Driver/Src/stm32f4xx_hal_i2s.o
 .debug_info    0x0000b67b      0xaae ./Drivers/STM32F4xx_HAL_Driver/Src/stm32f4xx_hal_i2s_ex.o
 .debug_info    0x0000c129      0x8c3 ./Drivers/STM32F4xx_HAL_Driver/Src/stm32f4xx_hal_rcc.o
 .debug_info    0x0000c9ec      0x536 ./Drivers/STM32F4xx_HAL_Driver/Src/stm32f4xx_hal_rcc_ex.o

.debug_abbrev   0x00000000     0x287b
 .debug_abbrev  0x00000000      0x291 ./Core/Src/audio_play.o
 .debug_abbrev  0x00000291      0x152 ./Core/Src/gpio.o
 .debug_abbrev  0x000003e3      0x1d9 ./Core/Src/main.o
 .debug_abbrev  0x000005bc       0xf4 ./Core/Src/stm32f4xx_hal_msp.o
 .debug_abbrev  0x000006b0      0x185 ./Core/Src/stm32f4xx_it.o
 .debug_abbrev  0x00000835      0x11a ./Core/Src/system_stm32f4xx.o
 .debug_abbrev  0x0000094f      0x15f ./Core/Src/test_sound_generator.o
 .debug_abbrev  0x00000aae       0x24 ./Core/Startup/startup_stm32f407vgtx.o
 .debug_abbrev  0x00000ad2      0x203 ./Drivers/BSP/Components/cs43l22/cs43l22.o
 .debug_abbrev  0x00000cd5      0x2fa ./Drivers/BSP/STM32F4-Discovery/stm32f4_discovery.o
 .debug_abbrev  0x00000fcf      0x35c ./Drivers/BSP/STM32F4-Discovery/stm32f4_discovery_audio.o
 .debug_abbrev  0x0000132b      0x214 ./Drivers/STM32F4xx_HAL_Driver/Src/stm32f4xx_hal.o
 .debug_abbrev  0x0000153f      0x31d ./Drivers/STM32F4xx_HAL_Driver/Src/stm32f4xx_hal_cortex.o
 .debug_abbrev  0x0000185c      0x264 ./Drivers/STM32F4xx_HAL_Driver/Src/stm32f4xx_hal_dma.o
 .debug_abbrev  0x00001ac0      0x1d4 ./Drivers/STM32F4xx_HAL_Driver/Src/stm32f4xx_hal_gpio.o
 .debug_abbrev  0x00001c94      0x2ad ./Drivers/STM32F4xx_HAL_Driver/Src/stm32f4xx_hal_i2c.o
 .debug_abbrev  0x00001f41      0x25d ./Drivers/STM32F4xx_HAL_Driver/Src/stm32f4xx_hal_i2s.o
 .debug_abbrev  0x0000219e      0x276 ./Drivers/STM32F4xx_HAL_Driver/Src/stm32f4xx_hal_i2s_ex.o
 .debug_abbrev  0x00002414      0x2b7 ./Drivers/STM32F4xx_HAL_Driver/Src/stm32f4xx_hal_rcc.o
 .debug_abbrev  0x000026cb      0x1b0 ./Drivers/STM32F4xx_HAL_Driver/Src/stm32f4xx_hal_rcc_ex.o

.debug_aranges  0x00000000      0xc98
 .debug_aranges
                0x00000000       0x68 ./Core/Src/audio_play.o
 .debug_aranges
                0x00000068       0x20 ./Core/Src/gpio.o
 .debug_aranges
                0x00000088       0x38 ./Core/Src/main.o
 .debug_aranges
                0x000000c0       0x20 ./Core/Src/stm32f4xx_hal_msp.o
 .debug_aranges
                0x000000e0       0x80 ./Core/Src/stm32f4xx_it.o
 .debug_aranges
                0x00000160       0x28 ./Core/Src/system_stm32f4xx.o
 .debug_aranges
                0x00000188       0x40 ./Core/Src/test_sound_generator.o
 .debug_aranges
                0x000001c8       0x28 ./Core/Startup/startup_stm32f407vgtx.o
 .debug_aranges
                0x000001f0       0x80 ./Drivers/BSP/Components/cs43l22/cs43l22.o
 .debug_aranges
                0x00000270       0xd8 ./Drivers/BSP/STM32F4-Discovery/stm32f4_discovery.o
 .debug_aranges
                0x00000348      0x140 ./Drivers/BSP/STM32F4-Discovery/stm32f4_discovery_audio.o
 .debug_aranges
                0x00000488       0xf0 ./Drivers/STM32F4xx_HAL_Driver/Src/stm32f4xx_hal.o
 .debug_aranges
                0x00000578      0x130 ./Drivers/STM32F4xx_HAL_Driver/Src/stm32f4xx_hal_cortex.o
 .debug_aranges
                0x000006a8       0x90 ./Drivers/STM32F4xx_HAL_Driver/Src/stm32f4xx_hal_dma.o
 .debug_aranges
                0x00000738       0x58 ./Drivers/STM32F4xx_HAL_Driver/Src/stm32f4xx_hal_gpio.o
 .debug_aranges
                0x00000790      0x2a8 ./Drivers/STM32F4xx_HAL_Driver/Src/stm32f4xx_hal_i2c.o
 .debug_aranges
                0x00000a38      0x108 ./Drivers/STM32F4xx_HAL_Driver/Src/stm32f4xx_hal_i2s.o
 .debug_aranges
                0x00000b40       0x88 ./Drivers/STM32F4xx_HAL_Driver/Src/stm32f4xx_hal_i2s_ex.o
 .debug_aranges
                0x00000bc8       0x88 ./Drivers/STM32F4xx_HAL_Driver/Src/stm32f4xx_hal_rcc.o
 .debug_aranges
                0x00000c50       0x48 ./Drivers/STM32F4xx_HAL_Driver/Src/stm32f4xx_hal_rcc_ex.o

.debug_rnglists
                0x00000000      0x98f
 .debug_rnglists
                0x00000000       0x4b ./Core/Src/audio_play.o
 .debug_rnglists
                0x0000004b       0x14 ./Core/Src/gpio.o
 .debug_rnglists
                0x0000005f       0x26 ./Core/Src/main.o
 .debug_rnglists
                0x00000085       0x13 ./Core/Src/stm32f4xx_hal_msp.o
 .debug_rnglists
                0x00000098       0x5b ./Core/Src/stm32f4xx_it.o
 .debug_rnglists
                0x000000f3       0x1a ./Core/Src/system_stm32f4xx.o
 .debug_rnglists
                0x0000010d       0x2d ./Core/Src/test_sound_generator.o
 .debug_rnglists
                0x0000013a       0x19 ./Core/Startup/startup_stm32f407vgtx.o
 .debug_rnglists
                0x00000153       0x5f ./Drivers/BSP/Components/cs43l22/cs43l22.o
 .debug_rnglists
                0x000001b2       0xa0 ./Drivers/BSP/STM32F4-Discovery/stm32f4_discovery.o
 .debug_rnglists
                0x00000252       0xf2 ./Drivers/BSP/STM32F4-Discovery/stm32f4_discovery_audio.o
 .debug_rnglists
                0x00000344       0xaf ./Drivers/STM32F4xx_HAL_Driver/Src/stm32f4xx_hal.o
 .debug_rnglists
                0x000003f3       0xe0 ./Drivers/STM32F4xx_HAL_Driver/Src/stm32f4xx_hal_cortex.o
 .debug_rnglists
                0x000004d3       0x70 ./Drivers/STM32F4xx_HAL_Driver/Src/stm32f4xx_hal_dma.o
 .debug_rnglists
                0x00000543       0x3f ./Drivers/STM32F4xx_HAL_Driver/Src/stm32f4xx_hal_gpio.o
 .debug_rnglists
                0x00000582      0x23c ./Drivers/STM32F4xx_HAL_Driver/Src/stm32f4xx_hal_i2c.o
 .debug_rnglists
                0x000007be       0xcc ./Drivers/STM32F4xx_HAL_Driver/Src/stm32f4xx_hal_i2s.o
 .debug_rnglists
                0x0000088a       0x6a ./Drivers/STM32F4xx_HAL_Driver/Src/stm32f4xx_hal_i2s_ex.o
 .debug_rnglists
                0x000008f4       0x66 ./Drivers/STM32F4xx_HAL_Driver/Src/stm32f4xx_hal_rcc.o
 .debug_rnglists
                0x0000095a       0x35 ./Drivers/STM32F4xx_HAL_Driver/Src/stm32f4xx_hal_rcc_ex.o

.debug_macro    0x00000000    0x22625
 .debug_macro   0x00000000      0x33c ./Core/Src/audio_play.o
 .debug_macro   0x0000033c      0xad8 ./Core/Src/audio_play.o
 .debug_macro   0x00000e14       0x22 ./Core/Src/audio_play.o
 .debug_macro   0x00000e36       0x5b ./Core/Src/audio_play.o
 .debug_macro   0x00000e91       0x2a ./Core/Src/audio_play.o
 .debug_macro   0x00000ebb       0x94 ./Core/Src/audio_play.o
 .debug_macro   0x00000f4f       0x43 ./Core/Src/audio_play.o
 .debug_macro   0x00000f92       0x34 ./Core/Src/audio_play.o
 .debug_macro   0x00000fc6       0x16 ./Core/Src/audio_play.o
 .debug_macro   0x00000fdc       0x57 ./Core/Src/audio_play.o
 .debug_macro   0x00001033       0x9e ./Core/Src/audio_play.o
 .debug_macro   0x000010d1      0x370 ./Core/Src/audio_play.o
 .debug_macro   0x00001441      0x112 ./Core/Src/audio_play.o
 .debug_macro   0x00001553       0x10 ./Core/Src/audio_play.o
 .debug_macro   0x00001563       0x16 ./Core/Src/audio_play.o
 .debug_macro   0x00001579       0x4a ./Core/Src/audio_play.o
 .debug_macro   0x000015c3       0x34 ./Core/Src/audio_play.o
 .debug_macro   0x000015f7       0x10 ./Core/Src/audio_play.o
 .debug_macro   0x00001607       0x58 ./Core/Src/audio_play.o
 .debug_macro   0x0000165f       0x8e ./Core/Src/audio_play.o
 .debug_macro   0x000016ed       0x1c ./Core/Src/audio_play.o
 .debug_macro   0x00001709      0x185 ./Core/Src/audio_play.o
 .debug_macro   0x0000188e       0x16 ./Core/Src/audio_play.o
 .debug_macro   0x000018a4       0x16 ./Core/Src/audio_play.o
 .debug_macro   0x000018ba      0x146 ./Core/Src/audio_play.o
 .debug_macro   0x00001a00       0x22 ./Core/Src/audio_play.o
 .debug_macro   0x00001a22      0x103 ./Core/Src/audio_play.o
 .debug_macro   0x00001b25       0x6a ./Core/Src/audio_play.o
 .debug_macro   0x00001b8f      0x1df ./Core/Src/audio_play.o
 .debug_macro   0x00001d6e      0x2ad ./Core/Src/audio_play.o
 .debug_macro   0x0000201b       0x2e ./Core/Src/audio_play.o
 .debug_macro   0x00002049       0x2f ./Core/Src/audio_play.o
 .debug_macro   0x00002078       0x1c ./Core/Src/audio_play.o
 .debug_macro   0x00002094       0x22 ./Core/Src/audio_play.o
 .debug_macro   0x000020b6       0xfb ./Core/Src/audio_play.o
 .debug_macro   0x000021b1     0x1011 ./Core/Src/audio_play.o
 .debug_macro   0x000031c2      0x11f ./Core/Src/audio_play.o
 .debug_macro   0x000032e1    0x15ea5 ./Core/Src/audio_play.o
 .debug_macro   0x00019186       0x6d ./Core/Src/audio_play.o
 .debug_macro   0x000191f3     0x3693 ./Core/Src/audio_play.o
 .debug_macro   0x0001c886       0x56 ./Core/Src/audio_play.o
 .debug_macro   0x0001c8dc      0x980 ./Core/Src/audio_play.o
 .debug_macro   0x0001d25c      0x9e9 ./Core/Src/audio_play.o
 .debug_macro   0x0001dc45      0x115 ./Core/Src/audio_play.o
 .debug_macro   0x0001dd5a      0x13e ./Core/Src/audio_play.o
 .debug_macro   0x0001de98       0xa5 ./Core/Src/audio_play.o
 .debug_macro   0x0001df3d      0x174 ./Core/Src/audio_play.o
 .debug_macro   0x0001e0b1      0x287 ./Core/Src/audio_play.o
 .debug_macro   0x0001e338       0x5f ./Core/Src/audio_play.o
 .debug_macro   0x0001e397      0x236 ./Core/Src/audio_play.o
 .debug_macro   0x0001e5cd       0x22 ./Core/Src/audio_play.o
 .debug_macro   0x0001e5ef      0x12c ./Core/Src/audio_play.o
 .debug_macro   0x0001e71b      0x21e ./Core/Src/audio_play.o
 .debug_macro   0x0001e939       0x2e ./Core/Src/audio_play.o
 .debug_macro   0x0001e967      0x1b5 ./Core/Src/audio_play.o
 .debug_macro   0x0001eb1c       0xd6 ./Core/Src/audio_play.o
 .debug_macro   0x0001ebf2      0x1a7 ./Core/Src/audio_play.o
 .debug_macro   0x0001ed99       0x46 ./Core/Src/audio_play.o
 .debug_macro   0x0001eddf       0x4a ./Core/Src/audio_play.o
 .debug_macro   0x0001ee29      0x127 ./Core/Src/audio_play.o
 .debug_macro   0x0001ef50       0x7e ./Core/Src/audio_play.o
 .debug_macro   0x0001efce       0x89 ./Core/Src/audio_play.o
 .debug_macro   0x0001f057       0xa4 ./Core/Src/audio_play.o
 .debug_macro   0x0001f0fb      0x225 ./Core/Src/audio_play.o
 .debug_macro   0x0001f320      0x12d ./Core/Src/audio_play.o
 .debug_macro   0x0001f44d      0x1df ./Core/Src/audio_play.o
 .debug_macro   0x0001f62c       0x16 ./Core/Src/audio_play.o
 .debug_macro   0x0001f642      0x181 ./Core/Src/audio_play.o
 .debug_macro   0x0001f7c3       0x82 ./Core/Src/audio_play.o
 .debug_macro   0x0001f845      0x167 ./Core/Src/audio_play.o
 .debug_macro   0x0001f9ac       0x64 ./Core/Src/audio_play.o
 .debug_macro   0x0001fa10      0x21a ./Core/Src/gpio.o
 .debug_macro   0x0001fc2a       0x8e ./Core/Src/gpio.o
 .debug_macro   0x0001fcb8       0x51 ./Core/Src/gpio.o
 .debug_macro   0x0001fd09      0x190 ./Core/Src/gpio.o
 .debug_macro   0x0001fe99       0x5c ./Core/Src/gpio.o
 .debug_macro   0x0001fef5      0x190 ./Core/Src/gpio.o
 .debug_macro   0x00020085      0x23b ./Core/Src/main.o
 .debug_macro   0x000202c0      0x1e5 ./Core/Src/main.o
 .debug_macro   0x000204a5      0x210 ./Core/Src/stm32f4xx_hal_msp.o
 .debug_macro   0x000206b5      0x253 ./Core/Src/stm32f4xx_it.o
 .debug_macro   0x00020908      0x201 ./Core/Src/system_stm32f4xx.o
 .debug_macro   0x00020b09      0x126 ./Core/Src/test_sound_generator.o
 .debug_macro   0x00020c2f       0x61 ./Core/Src/test_sound_generator.o
 .debug_macro   0x00020c90      0x19b ./Core/Src/test_sound_generator.o
 .debug_macro   0x00020e2b       0x87 ./Drivers/BSP/Components/cs43l22/cs43l22.o
 .debug_macro   0x00020eb2       0x10 ./Drivers/BSP/Components/cs43l22/cs43l22.o
 .debug_macro   0x00020ec2      0x22e ./Drivers/BSP/STM32F4-Discovery/stm32f4_discovery.o
 .debug_macro   0x000210f0      0x246 ./Drivers/BSP/STM32F4-Discovery/stm32f4_discovery_audio.o
 .debug_macro   0x00021336      0x261 ./Drivers/STM32F4xx_HAL_Driver/Src/stm32f4xx_hal.o
 .debug_macro   0x00021597      0x201 ./Drivers/STM32F4xx_HAL_Driver/Src/stm32f4xx_hal_cortex.o
 .debug_macro   0x00021798      0x207 ./Drivers/STM32F4xx_HAL_Driver/Src/stm32f4xx_hal_dma.o
 .debug_macro   0x0002199f      0x207 ./Drivers/STM32F4xx_HAL_Driver/Src/stm32f4xx_hal_gpio.o
 .debug_macro   0x00021ba6      0x24f ./Drivers/STM32F4xx_HAL_Driver/Src/stm32f4xx_hal_i2c.o
 .debug_macro   0x00021df5      0x209 ./Drivers/STM32F4xx_HAL_Driver/Src/stm32f4xx_hal_i2s.o
 .debug_macro   0x00021ffe      0x201 ./Drivers/STM32F4xx_HAL_Driver/Src/stm32f4xx_hal_i2s_ex.o
 .debug_macro   0x000221ff      0x225 ./Drivers/STM32F4xx_HAL_Driver/Src/stm32f4xx_hal_rcc.o
 .debug_macro   0x00022424      0x201 ./Drivers/STM32F4xx_HAL_Driver/Src/stm32f4xx_hal_rcc_ex.o

.debug_line     0x00000000    0x111af
 .debug_line    0x00000000      0xc6f ./Core/Src/audio_play.o
 .debug_line    0x00000c6f      0x841 ./Core/Src/gpio.o
 .debug_line    0x000014b0      0x8d2 ./Core/Src/main.o
 .debug_line    0x00001d82      0x7a1 ./Core/Src/stm32f4xx_hal_msp.o
 .debug_line    0x00002523      0xa49 ./Core/Src/stm32f4xx_it.o
 .debug_line    0x00002f6c      0x816 ./Core/Src/system_stm32f4xx.o
 .debug_line    0x00003782      0x6db ./Core/Src/test_sound_generator.o
 .debug_line    0x00003e5d       0x7a ./Core/Startup/startup_stm32f407vgtx.o
 .debug_line    0x00003ed7      0x8bf ./Drivers/BSP/Components/cs43l22/cs43l22.o
 .debug_line    0x00004796      0xb77 ./Drivers/BSP/STM32F4-Discovery/stm32f4_discovery.o
 .debug_line    0x0000530d      0xf11 ./Drivers/BSP/STM32F4-Discovery/stm32f4_discovery_audio.o
 .debug_line    0x0000621e      0xa92 ./Drivers/STM32F4xx_HAL_Driver/Src/stm32f4xx_hal.o
 .debug_line    0x00006cb0      0xd62 ./Drivers/STM32F4xx_HAL_Driver/Src/stm32f4xx_hal_cortex.o
 .debug_line    0x00007a12      0xffe ./Drivers/STM32F4xx_HAL_Driver/Src/stm32f4xx_hal_dma.o
 .debug_line    0x00008a10      0xbea ./Drivers/STM32F4xx_HAL_Driver/Src/stm32f4xx_hal_gpio.o
 .debug_line    0x000095fa     0x3b3f ./Drivers/STM32F4xx_HAL_Driver/Src/stm32f4xx_hal_i2c.o
 .debug_line    0x0000d139     0x13ea ./Drivers/STM32F4xx_HAL_Driver/Src/stm32f4xx_hal_i2s.o
 .debug_line    0x0000e523     0x12ea ./Drivers/STM32F4xx_HAL_Driver/Src/stm32f4xx_hal_i2s_ex.o
 .debug_line    0x0000f80d      0xea1 ./Drivers/STM32F4xx_HAL_Driver/Src/stm32f4xx_hal_rcc.o
 .debug_line    0x000106ae      0xb01 ./Drivers/STM32F4xx_HAL_Driver/Src/stm32f4xx_hal_rcc_ex.o

.debug_str      0x00000000    0xca0d3
 .debug_str     0x00000000    0xca0d3 ./Core/Src/audio_play.o
                              0xc61e8 (size before relaxing)
 .debug_str     0x000ca0d3    0xc02db ./Core/Src/gpio.o
 .debug_str     0x000ca0d3    0xc1282 ./Core/Src/main.o
 .debug_str     0x000ca0d3    0xc021b ./Core/Src/stm32f4xx_hal_msp.o
 .debug_str     0x000ca0d3    0xc266a ./Core/Src/stm32f4xx_it.o
 .debug_str     0x000ca0d3    0xbfc49 ./Core/Src/system_stm32f4xx.o
 .debug_str     0x000ca0d3     0x7cb1 ./Core/Src/test_sound_generator.o
 .debug_str     0x000ca0d3       0x61 ./Core/Startup/startup_stm32f407vgtx.o
 .debug_str     0x000ca0d3     0x479c ./Drivers/BSP/Components/cs43l22/cs43l22.o
 .debug_str     0x000ca0d3    0xc1a17 ./Drivers/BSP/STM32F4-Discovery/stm32f4_discovery.o
 .debug_str     0x000ca0d3    0xc2d5f ./Drivers/BSP/STM32F4-Discovery/stm32f4_discovery_audio.o
 .debug_str     0x000ca0d3    0xc07cd ./Drivers/STM32F4xx_HAL_Driver/Src/stm32f4xx_hal.o
 .debug_str     0x000ca0d3    0xc0549 ./Drivers/STM32F4xx_HAL_Driver/Src/stm32f4xx_hal_cortex.o
 .debug_str     0x000ca0d3    0xc0063 ./Drivers/STM32F4xx_HAL_Driver/Src/stm32f4xx_hal_dma.o
 .debug_str     0x000ca0d3    0xbfdc4 ./Drivers/STM32F4xx_HAL_Driver/Src/stm32f4xx_hal_gpio.o
 .debug_str     0x000ca0d3    0xc0c67 ./Drivers/STM32F4xx_HAL_Driver/Src/stm32f4xx_hal_i2c.o
 .debug_str     0x000ca0d3    0xc023a ./Drivers/STM32F4xx_HAL_Driver/Src/stm32f4xx_hal_i2s.o
 .debug_str     0x000ca0d3    0xc013c ./Drivers/STM32F4xx_HAL_Driver/Src/stm32f4xx_hal_i2s_ex.o
 .debug_str     0x000ca0d3    0xc007d ./Drivers/STM32F4xx_HAL_Driver/Src/stm32f4xx_hal_rcc.o
 .debug_str     0x000ca0d3    0xbfd9b ./Drivers/STM32F4xx_HAL_Driver/Src/stm32f4xx_hal_rcc_ex.o

.comment        0x00000000       0x43
 .comment       0x00000000       0x43 ./Core/Src/audio_play.o
                                 0x44 (size before relaxing)
 .comment       0x00000043       0x44 ./Core/Src/gpio.o
 .comment       0x00000043       0x44 ./Core/Src/main.o
 .comment       0x00000043       0x44 ./Core/Src/stm32f4xx_hal_msp.o
 .comment       0x00000043       0x44 ./Core/Src/stm32f4xx_it.o
 .comment       0x00000043       0x44 ./Core/Src/system_stm32f4xx.o
 .comment       0x00000043       0x44 ./Core/Src/test_sound_generator.o
 .comment       0x00000043       0x44 ./Drivers/BSP/Components/cs43l22/cs43l22.o
 .comment       0x00000043       0x44 ./Drivers/BSP/STM32F4-Discovery/stm32f4_discovery.o
 .comment       0x00000043       0x44 ./Drivers/BSP/STM32F4-Discovery/stm32f4_discovery_audio.o
 .comment       0x00000043       0x44 ./Drivers/STM32F4xx_HAL_Driver/Src/stm32f4xx_hal.o
 .comment       0x00000043       0x44 ./Drivers/STM32F4xx_HAL_Driver/Src/stm32f4xx_hal_cortex.o
 .comment       0x00000043       0x44 ./Drivers/STM32F4xx_HAL_Driver/Src/stm32f4xx_hal_dma.o
 .comment       0x00000043       0x44 ./Drivers/STM32F4xx_HAL_Driver/Src/stm32f4xx_hal_gpio.o
 .comment       0x00000043       0x44 ./Drivers/STM32F4xx_HAL_Driver/Src/stm32f4xx_hal_i2c.o
 .comment       0x00000043       0x44 ./Drivers/STM32F4xx_HAL_Driver/Src/stm32f4xx_hal_i2s.o
 .comment       0x00000043       0x44 ./Drivers/STM32F4xx_HAL_Driver/Src/stm32f4xx_hal_i2s_ex.o
 .comment       0x00000043       0x44 ./Drivers/STM32F4xx_HAL_Driver/Src/stm32f4xx_hal_rcc.o
 .comment       0x00000043       0x44 ./Drivers/STM32F4xx_HAL_Driver/Src/stm32f4xx_hal_rcc_ex.o

.debug_frame    0x00000000     0x335c
 .debug_frame   0x00000000      0x148 ./Core/Src/audio_play.o
 .debug_frame   0x00000148       0x38 ./Core/Src/gpio.o
 .debug_frame   0x00000180       0x90 ./Core/Src/main.o
 .debug_frame   0x00000210       0x34 ./Core/Src/stm32f4xx_hal_msp.o
 .debug_frame   0x00000244      0x174 ./Core/Src/stm32f4xx_it.o
 .debug_frame   0x000003b8       0x58 ./Core/Src/system_stm32f4xx.o
 .debug_frame   0x00000410       0xc4 ./Core/Src/test_sound_generator.o
 .debug_frame   0x000004d4      0x1e4 ./Drivers/BSP/Components/cs43l22/cs43l22.o
 .debug_frame   0x000006b8      0x350 ./Drivers/BSP/STM32F4-Discovery/stm32f4_discovery.o
 .debug_frame   0x00000a08      0x518 ./Drivers/BSP/STM32F4-Discovery/stm32f4_discovery_audio.o
 .debug_frame   0x00000f20      0x374 ./Drivers/STM32F4xx_HAL_Driver/Src/stm32f4xx_hal.o
 .debug_frame   0x00001294      0x508 ./Drivers/STM32F4xx_HAL_Driver/Src/stm32f4xx_hal_cortex.o
 .debug_frame   0x0000179c      0x250 ./Drivers/STM32F4xx_HAL_Driver/Src/stm32f4xx_hal_dma.o
 .debug_frame   0x000019ec      0x14c ./Drivers/STM32F4xx_HAL_Driver/Src/stm32f4xx_hal_gpio.o
 .debug_frame   0x00001b38      0xc84 ./Drivers/STM32F4xx_HAL_Driver/Src/stm32f4xx_hal_i2c.o
 .debug_frame   0x000027bc      0x484 ./Drivers/STM32F4xx_HAL_Driver/Src/stm32f4xx_hal_i2s.o
 .debug_frame   0x00002c40      0x220 ./Drivers/STM32F4xx_HAL_Driver/Src/stm32f4xx_hal_i2s_ex.o
 .debug_frame   0x00002e60      0x1f4 ./Drivers/STM32F4xx_HAL_Driver/Src/stm32f4xx_hal_rcc.o
 .debug_frame   0x00003054       0xf0 ./Drivers/STM32F4xx_HAL_Driver/Src/stm32f4xx_hal_rcc_ex.o
 .debug_frame   0x00003144       0x38 D:/ST/STM32CubeIDE_1.6.0/STM32CubeIDE/plugins/com.st.stm32cube.ide.mcu.externaltools.gnu-tools-for-stm32.13.3.rel1.win32_1.0.0.202411081344/tools/bin/../lib/gcc/arm-none-eabi/13.3.1/../../../../arm-none-eabi/lib/thumb/v7e-m+fp/hard\libm.a(libm_a-sf_sin.o)
 .debug_frame   0x0000317c       0x20 D:/ST/STM32CubeIDE_1.6.0/STM32CubeIDE/plugins/com.st.stm32cube.ide.mcu.externaltools.gnu-tools-for-stm32.13.3.rel1.win32_1.0.0.202411081344/tools/bin/../lib/gcc/arm-none-eabi/13.3.1/../../../../arm-none-eabi/lib/thumb/v7e-m+fp/hard\libm.a(libm_a-kf_cos.o)
 .debug_frame   0x0000319c       0x20 D:/ST/STM32CubeIDE_1.6.0/STM32CubeIDE/plugins/com.st.stm32cube.ide.mcu.externaltools.gnu-tools-for-stm32.13.3.rel1.win32_1.0.0.202411081344/tools/bin/../lib/gcc/arm-none-eabi/13.3.1/../../../../arm-none-eabi/lib/thumb/v7e-m+fp/hard\libm.a(libm_a-kf_sin.o)
 .debug_frame   0x000031bc       0x38 D:/ST/STM32CubeIDE_1.6.0/STM32CubeIDE/plugins/com.st.stm32cube.ide.mcu.externaltools.gnu-tools-for-stm32.13.3.rel1.win32_1.0.0.202411081344/tools/bin/../lib/gcc/arm-none-eabi/13.3.1/../../../../arm-none-eabi/lib/thumb/v7e-m+fp/hard\libm.a(libm_a-ef_rem_pio2.o)
 .debug_frame   0x000031f4       0x20 D:/ST/STM32CubeIDE_1.6.0/STM32CubeIDE/plugins/com.st.stm32cube.ide.mcu.externaltools.gnu-tools-for-stm32.13.3.rel1.win32_1.0.0.202411081344/tools/bin/../lib/gcc/arm-none-eabi/13.3.1/../../../../arm-none-eabi/lib/thumb/v7e-m+fp/hard\libm.a(libm_a-sf_fabs.o)
 .debug_frame   0x00003214       0x5c D:/ST/STM32CubeIDE_1.6.0/STM32CubeIDE/plugins/com.st.stm32cube.ide.mcu.externaltools.gnu-tools-for-stm32.13.3.rel1.win32_1.0.0.202411081344/tools/bin/../lib/gcc/arm-none-eabi/13.3.1/../../../../arm-none-eabi/lib/thumb/v7e-m+fp/hard\libm.a(libm_a-kf_rem_pio2.o)
 .debug_frame   0x00003270       0x20 D:/ST/STM32CubeIDE_1.6.0/STM32CubeIDE/plugins/com.st.stm32cube.ide.mcu.externaltools.gnu-tools-for-stm32.13.3.rel1.win32_1.0.0.202411081344/tools/bin/../lib/gcc/arm-none-eabi/13.3.1/../../../../arm-none-eabi/lib/thumb/v7e-m+fp/hard\libm.a(libm_a-sf_scalbn.o)
 .debug_frame   0x00003290       0x20 D:/ST/STM32CubeIDE_1.6.0/STM32CubeIDE/plugins/com.st.stm32cube.ide.mcu.externaltools.gnu-tools-for-stm32.13.3.rel1.win32_1.0.0.202411081344/tools/bin/../lib/gcc/arm-none-eabi/13.3.1/../../../../arm-none-eabi/lib/thumb/v7e-m+fp/hard\libm.a(libm_a-sf_floor.o)
 .debug_frame   0x000032b0       0x20 D:/ST/STM32CubeIDE_1.6.0/STM32CubeIDE/plugins/com.st.stm32cube.ide.mcu.externaltools.gnu-tools-for-stm32.13.3.rel1.win32_1.0.0.202411081344/tools/bin/../lib/gcc/arm-none-eabi/13.3.1/../../../../arm-none-eabi/lib/thumb/v7e-m+fp/hard\libc_nano.a(libc_a-memset.o)
 .debug_frame   0x000032d0       0x2c D:/ST/STM32CubeIDE_1.6.0/STM32CubeIDE/plugins/com.st.stm32cube.ide.mcu.externaltools.gnu-tools-for-stm32.13.3.rel1.win32_1.0.0.202411081344/tools/bin/../lib/gcc/arm-none-eabi/13.3.1/../../../../arm-none-eabi/lib/thumb/v7e-m+fp/hard\libc_nano.a(libc_a-init.o)
 .debug_frame   0x000032fc       0x2c D:/ST/STM32CubeIDE_1.6.0/STM32CubeIDE/plugins/com.st.stm32cube.ide.mcu.externaltools.gnu-tools-for-stm32.13.3.rel1.win32_1.0.0.202411081344/tools/bin/../lib/gcc/arm-none-eabi/13.3.1/thumb/v7e-m+fp/hard\libgcc.a(_aeabi_uldivmod.o)
 .debug_frame   0x00003328       0x34 D:/ST/STM32CubeIDE_1.6.0/STM32CubeIDE/plugins/com.st.stm32cube.ide.mcu.externaltools.gnu-tools-for-stm32.13.3.rel1.win32_1.0.0.202411081344/tools/bin/../lib/gcc/arm-none-eabi/13.3.1/thumb/v7e-m+fp/hard\libgcc.a(_udivmoddi4.o)

.debug_line_str
                0x00000000       0x45
 .debug_line_str
                0x00000000       0x45 ./Core/Startup/startup_stm32f407vgtx.o
